{
  "type": "Block",
  "nodes": [
    {
      "type": "Code",
      "line": 1,
      "column": 1,
      "filename": "/mnt/c/Users/neilj/Workspace/pug_dart/test/parser/cases/attrs.js.tokens.json",
      "val": "var id = 5",
      "buffer": false,
      "mustEscape": false,
      "isInline": false
    },
    {
      "type": "Code",
      "line": 2,
      "column": 1,
      "filename": "/mnt/c/Users/neilj/Workspace/pug_dart/test/parser/cases/attrs.js.tokens.json",
      "val": "function answer() { return 42; }",
      "buffer": false,
      "mustEscape": false,
      "isInline": false
    },
    {
      "type": "Tag",
      "line": 3,
      "column": 1,
      "filename": "/mnt/c/Users/neilj/Workspace/pug_dart/test/parser/cases/attrs.js.tokens.json",
      "name": "a",
      "selfClosing": false,
      "attrs": [
        {
          "line": 3,
          "column": 3,
          "filename": "/mnt/c/Users/neilj/Workspace/pug_dart/test/parser/cases/attrs.js.tokens.json",
          "val": "'/user/' + id",
          "name": "href",
          "mustEscape": true
        },
        {
          "line": 3,
          "column": 23,
          "filename": "/mnt/c/Users/neilj/Workspace/pug_dart/test/parser/cases/attrs.js.tokens.json",
          "val": "'button'",
          "name": "class",
          "mustEscape": true
        }
      ],
      "attributeBlocks": [],
      "block": {
        "type": "Block",
        "nodes": [],
        "line": 3,
        "filename": "/mnt/c/Users/neilj/Workspace/pug_dart/test/parser/cases/attrs.js.tokens.json"
      },
      "isInline": true
    },
    {
      "type": "Tag",
      "line": 4,
      "column": 1,
      "filename": "/mnt/c/Users/neilj/Workspace/pug_dart/test/parser/cases/attrs.js.tokens.json",
      "name": "a",
      "selfClosing": false,
      "attrs": [
        {
          "line": 4,
          "column": 3,
          "filename": "/mnt/c/Users/neilj/Workspace/pug_dart/test/parser/cases/attrs.js.tokens.json",
          "val": "'/user/' + id",
          "name": "href",
          "mustEscape": true
        },
        {
          "line": 4,
          "column": 27,
          "filename": "/mnt/c/Users/neilj/Workspace/pug_dart/test/parser/cases/attrs.js.tokens.json",
          "val": "'button'",
          "name": "class",
          "mustEscape": true
        }
      ],
      "attributeBlocks": [],
      "block": {
        "type": "Block",
        "nodes": [],
        "line": 4,
        "filename": "/mnt/c/Users/neilj/Workspace/pug_dart/test/parser/cases/attrs.js.tokens.json"
      },
      "isInline": true
    },
    {
      "type": "Tag",
      "line": 5,
      "column": 1,
      "filename": "/mnt/c/Users/neilj/Workspace/pug_dart/test/parser/cases/attrs.js.tokens.json",
      "name": "meta",
      "selfClosing": false,
      "attrs": [
        {
          "line": 5,
          "column": 6,
          "filename": "/mnt/c/Users/neilj/Workspace/pug_dart/test/parser/cases/attrs.js.tokens.json",
          "val": "'answer'",
          "name": "key",
          "mustEscape": true
        },
        {
          "line": 5,
          "column": 20,
          "filename": "/mnt/c/Users/neilj/Workspace/pug_dart/test/parser/cases/attrs.js.tokens.json",
          "val": "answer()",
          "name": "value",
          "mustEscape": true
        }
      ],
      "attributeBlocks": [],
      "block": {
        "type": "Block",
        "nodes": [],
        "line": 5,
        "filename": "/mnt/c/Users/neilj/Workspace/pug_dart/test/parser/cases/attrs.js.tokens.json"
      },
      "isInline": false
    },
    {
      "type": "Tag",
      "line": 6,
      "column": 1,
      "filename": "/mnt/c/Users/neilj/Workspace/pug_dart/test/parser/cases/attrs.js.tokens.json",
      "name": "a",
      "selfClosing": false,
      "attrs": [
        {
          "line": 6,
          "column": 3,
          "filename": "/mnt/c/Users/neilj/Workspace/pug_dart/test/parser/cases/attrs.js.tokens.json",
          "val": "['class1', 'class2']",
          "name": "class",
          "mustEscape": true
        }
      ],
      "attributeBlocks": [],
      "block": {
        "type": "Block",
        "nodes": [],
        "line": 6,
        "filename": "/mnt/c/Users/neilj/Workspace/pug_dart/test/parser/cases/attrs.js.tokens.json"
      },
      "isInline": true
    },
    {
      "type": "Tag",
      "line": 7,
      "column": 1,
      "filename": "/mnt/c/Users/neilj/Workspace/pug_dart/test/parser/cases/attrs.js.tokens.json",
      "name": "a",
      "selfClosing": false,
      "attrs": [
        {
          "line": 7,
          "column": 2,
          "filename": "/mnt/c/Users/neilj/Workspace/pug_dart/test/parser/cases/attrs.js.tokens.json",
          "val": "'tag-class'",
          "name": "class",
          "mustEscape": false
        },
        {
          "line": 7,
          "column": 13,
          "filename": "/mnt/c/Users/neilj/Workspace/pug_dart/test/parser/cases/attrs.js.tokens.json",
          "val": "['class1', 'class2']",
          "name": "class",
          "mustEscape": true
        }
      ],
      "attributeBlocks": [],
      "block": {
        "type": "Block",
        "nodes": [],
        "line": 7,
        "filename": "/mnt/c/Users/neilj/Workspace/pug_dart/test/parser/cases/attrs.js.tokens.json"
      },
      "isInline": true
    },
    {
      "type": "Tag",
      "line": 9,
      "column": 1,
      "filename": "/mnt/c/Users/neilj/Workspace/pug_dart/test/parser/cases/attrs.js.tokens.json",
      "name": "a",
      "selfClosing": false,
      "attrs": [
        {
          "line": 9,
          "column": 3,
          "filename": "/mnt/c/Users/neilj/Workspace/pug_dart/test/parser/cases/attrs.js.tokens.json",
          "val": "'/user/' + id",
          "name": "href",
          "mustEscape": true
        },
        {
          "line": 9,
          "column": 22,
          "filename": "/mnt/c/Users/neilj/Workspace/pug_dart/test/parser/cases/attrs.js.tokens.json",
          "val": "'button'",
          "name": "class",
          "mustEscape": true
        }
      ],
      "attributeBlocks": [],
      "block": {
        "type": "Block",
        "nodes": [],
        "line": 9,
        "filename": "/mnt/c/Users/neilj/Workspace/pug_dart/test/parser/cases/attrs.js.tokens.json"
      },
      "isInline": true
    },
    {
      "type": "Tag",
      "line": 10,
      "column": 1,
      "filename": "/mnt/c/Users/neilj/Workspace/pug_dart/test/parser/cases/attrs.js.tokens.json",
      "name": "a",
      "selfClosing": false,
      "attrs": [
        {
          "line": 10,
          "column": 3,
          "filename": "/mnt/c/Users/neilj/Workspace/pug_dart/test/parser/cases/attrs.js.tokens.json",
          "val": "'/user/' + id",
          "name": "href",
          "mustEscape": true
        },
        {
          "line": 10,
          "column": 26,
          "filename": "/mnt/c/Users/neilj/Workspace/pug_dart/test/parser/cases/attrs.js.tokens.json",
          "val": "'button'",
          "name": "class",
          "mustEscape": true
        }
      ],
      "attributeBlocks": [],
      "block": {
        "type": "Block",
        "nodes": [],
        "line": 10,
        "filename": "/mnt/c/Users/neilj/Workspace/pug_dart/test/parser/cases/attrs.js.tokens.json"
      },
      "isInline": true
    },
    {
      "type": "Tag",
      "line": 11,
      "column": 1,
      "filename": "/mnt/c/Users/neilj/Workspace/pug_dart/test/parser/cases/attrs.js.tokens.json",
      "name": "meta",
      "selfClosing": false,
      "attrs": [
        {
          "line": 11,
          "column": 6,
          "filename": "/mnt/c/Users/neilj/Workspace/pug_dart/test/parser/cases/attrs.js.tokens.json",
          "val": "'answer'",
          "name": "key",
          "mustEscape": true
        },
        {
          "line": 11,
          "column": 19,
          "filename": "/mnt/c/Users/neilj/Workspace/pug_dart/test/parser/cases/attrs.js.tokens.json",
          "val": "answer()",
          "name": "value",
          "mustEscape": true
        }
      ],
      "attributeBlocks": [],
      "block": {
        "type": "Block",
        "nodes": [],
        "line": 11,
        "filename": "/mnt/c/Users/neilj/Workspace/pug_dart/test/parser/cases/attrs.js.tokens.json"
      },
      "isInline": false
    },
    {
      "type": "Tag",
      "line": 12,
      "column": 1,
      "filename": "/mnt/c/Users/neilj/Workspace/pug_dart/test/parser/cases/attrs.js.tokens.json",
      "name": "a",
      "selfClosing": false,
      "attrs": [
        {
          "line": 12,
          "column": 3,
          "filename": "/mnt/c/Users/neilj/Workspace/pug_dart/test/parser/cases/attrs.js.tokens.json",
          "val": "['class1', 'class2']",
          "name": "class",
          "mustEscape": true
        }
      ],
      "attributeBlocks": [],
      "block": {
        "type": "Block",
        "nodes": [],
        "line": 12,
        "filename": "/mnt/c/Users/neilj/Workspace/pug_dart/test/parser/cases/attrs.js.tokens.json"
      },
      "isInline": true
    },
    {
      "type": "Tag",
      "line": 13,
      "column": 1,
      "filename": "/mnt/c/Users/neilj/Workspace/pug_dart/test/parser/cases/attrs.js.tokens.json",
      "name": "a",
      "selfClosing": false,
      "attrs": [
        {
          "line": 13,
          "column": 2,
          "filename": "/mnt/c/Users/neilj/Workspace/pug_dart/test/parser/cases/attrs.js.tokens.json",
          "val": "'tag-class'",
          "name": "class",
          "mustEscape": false
        },
        {
          "line": 13,
          "column": 13,
          "filename": "/mnt/c/Users/neilj/Workspace/pug_dart/test/parser/cases/attrs.js.tokens.json",
          "val": "['class1', 'class2']",
          "name": "class",
          "mustEscape": true
        }
      ],
      "attributeBlocks": [],
      "block": {
        "type": "Block",
        "nodes": [],
        "line": 13,
        "filename": "/mnt/c/Users/neilj/Workspace/pug_dart/test/parser/cases/attrs.js.tokens.json"
      },
      "isInline": true
    },
    {
      "type": "Tag",
      "line": 15,
      "column": 1,
      "filename": "/mnt/c/Users/neilj/Workspace/pug_dart/test/parser/cases/attrs.js.tokens.json",
      "name": "div",
      "selfClosing": false,
      "attrs": [
        {
          "line": 15,
          "column": 5,
          "filename": "/mnt/c/Users/neilj/Workspace/pug_dart/test/parser/cases/attrs.js.tokens.json",
          "val": "id",
          "name": "id",
          "mustEscape": true
        }
      ],
      "attributeBlocks": [
        {
          "type": "AttributeBlock",
          "line": 15,
          "column": 11,
          "filename": "/mnt/c/Users/neilj/Workspace/pug_dart/test/parser/cases/attrs.js.tokens.json",
          "val": "{foo: 'bar'}"
        }
      ],
      "block": {
        "type": "Block",
        "nodes": [],
        "line": 15,
        "filename": "/mnt/c/Users/neilj/Workspace/pug_dart/test/parser/cases/attrs.js.tokens.json"
      },
      "isInline": false
    },
    {
      "type": "Code",
      "line": 16,
      "column": 1,
      "filename": "/mnt/c/Users/neilj/Workspace/pug_dart/test/parser/cases/attrs.js.tokens.json",
      "val": "var bar = null",
      "buffer": false,
      "mustEscape": false,
      "isInline": false
    },
    {
      "type": "Tag",
      "line": 17,
      "column": 1,
      "filename": "/mnt/c/Users/neilj/Workspace/pug_dart/test/parser/cases/attrs.js.tokens.json",
      "name": "div",
      "selfClosing": false,
      "attrs": [
        {
          "line": 17,
          "column": 5,
          "filename": "/mnt/c/Users/neilj/Workspace/pug_dart/test/parser/cases/attrs.js.tokens.json",
          "val": "null",
          "name": "foo",
          "mustEscape": true
        },
        {
          "line": 17,
          "column": 14,
          "filename": "/mnt/c/Users/neilj/Workspace/pug_dart/test/parser/cases/attrs.js.tokens.json",
          "val": "bar",
          "name": "bar",
          "mustEscape": true
        }
      ],
      "attributeBlocks": [
        {
          "type": "AttributeBlock",
          "line": 17,
          "column": 22,
          "filename": "/mnt/c/Users/neilj/Workspace/pug_dart/test/parser/cases/attrs.js.tokens.json",
          "val": "{baz: 'baz'}"
        }
      ],
      "block": {
        "type": "Block",
        "nodes": [],
        "line": 17,
        "filename": "/mnt/c/Users/neilj/Workspace/pug_dart/test/parser/cases/attrs.js.tokens.json"
      },
      "isInline": false
    }
  ],
  "line": 0,
  "filename": "/mnt/c/Users/neilj/Workspace/pug_dart/test/parser/cases/attrs.js.tokens.json"
}