{
  "type": "Block",
  "nodes": [
    {
      "type": "Code",
      "line": 1,
      "column": 1,
      "filename": "/mnt/c/Users/neilj/Workspace/pug_dart/test/parser/cases/block-code.tokens.json",
      "val": "list = [\"uno\", \"dos\", \"tres\",\n        \"cuatro\", \"cinco\", \"seis\"];",
      "buffer": false,
      "mustEscape": false,
      "isInline": false
    },
    {
      "type": "Comment",
      "line": 4,
      "column": 1,
      "filename": "/mnt/c/Users/neilj/Workspace/pug_dart/test/parser/cases/block-code.tokens.json",
      "val": " Without a block, the element is accepted and no code is generated",
      "buffer": false
    },
    {
      "type": "Code",
      "line": 5,
      "column": 1,
      "filename": "/mnt/c/Users/neilj/Workspace/pug_dart/test/parser/cases/block-code.tokens.json",
      "val": "",
      "buffer": false,
      "mustEscape": false,
      "isInline": false
    },
    {
      "type": "Each",
      "line": 6,
      "column": 1,
      "filename": "/mnt/c/Users/neilj/Workspace/pug_dart/test/parser/cases/block-code.tokens.json",
      "obj": "list",
      "val": "item",
      "block": {
        "type": "Block",
        "nodes": [
          {
            "type": "Code",
            "line": 7,
            "column": 3,
            "filename": "/mnt/c/Users/neilj/Workspace/pug_dart/test/parser/cases/block-code.tokens.json",
            "val": "string = item.charAt(0)\n\n  .toUpperCase() +\nitem.slice(1);",
            "buffer": false,
            "mustEscape": false,
            "isInline": false
          },
          {
            "type": "Tag",
            "line": 12,
            "column": 3,
            "filename": "/mnt/c/Users/neilj/Workspace/pug_dart/test/parser/cases/block-code.tokens.json",
            "name": "li",
            "selfClosing": false,
            "attrs": [],
            "attributeBlocks": [],
            "block": {
              "type": "Block",
              "nodes": [
                {
                  "type": "Code",
                  "line": 12,
                  "column": 5,
                  "filename": "/mnt/c/Users/neilj/Workspace/pug_dart/test/parser/cases/block-code.tokens.json",
                  "val": "string",
                  "buffer": true,
                  "mustEscape": true,
                  "isInline": true
                }
              ],
              "line": 12,
              "filename": "/mnt/c/Users/neilj/Workspace/pug_dart/test/parser/cases/block-code.tokens.json"
            },
            "isInline": false
          }
        ],
        "line": 7,
        "filename": "/mnt/c/Users/neilj/Workspace/pug_dart/test/parser/cases/block-code.tokens.json"
      }
    }
  ],
  "line": 0,
  "filename": "/mnt/c/Users/neilj/Workspace/pug_dart/test/parser/cases/block-code.tokens.json"
}