{
  "type": "Block",
  "nodes": [
    {
      "type": "Code",
      "line": 2,
      "column": 1,
      "filename": "/mnt/c/Users/neilj/Workspace/pug_dart/test/parser/cases/code.conditionals.tokens.json",
      "val": "if (true)",
      "buffer": false,
      "mustEscape": false,
      "isInline": false,
      "block": {
        "type": "Block",
        "nodes": [
          {
            "type": "Tag",
            "line": 3,
            "column": 3,
            "filename": "/mnt/c/Users/neilj/Workspace/pug_dart/test/parser/cases/code.conditionals.tokens.json",
            "name": "p",
            "selfClosing": false,
            "attrs": [],
            "attributeBlocks": [],
            "block": {
              "type": "Block",
              "nodes": [
                {
                  "type": "Text",
                  "line": 3,
                  "column": 5,
                  "filename": "/mnt/c/Users/neilj/Workspace/pug_dart/test/parser/cases/code.conditionals.tokens.json",
                  "val": "foo",
                  "isHtml": false
                }
              ],
              "line": 3,
              "filename": "/mnt/c/Users/neilj/Workspace/pug_dart/test/parser/cases/code.conditionals.tokens.json"
            },
            "isInline": false
          }
        ],
        "line": 3,
        "filename": "/mnt/c/Users/neilj/Workspace/pug_dart/test/parser/cases/code.conditionals.tokens.json"
      }
    },
    {
      "type": "Code",
      "line": 4,
      "column": 1,
      "filename": "/mnt/c/Users/neilj/Workspace/pug_dart/test/parser/cases/code.conditionals.tokens.json",
      "val": "else",
      "buffer": false,
      "mustEscape": false,
      "isInline": false,
      "block": {
        "type": "Block",
        "nodes": [
          {
            "type": "Tag",
            "line": 5,
            "column": 3,
            "filename": "/mnt/c/Users/neilj/Workspace/pug_dart/test/parser/cases/code.conditionals.tokens.json",
            "name": "p",
            "selfClosing": false,
            "attrs": [],
            "attributeBlocks": [],
            "block": {
              "type": "Block",
              "nodes": [
                {
                  "type": "Text",
                  "line": 5,
                  "column": 5,
                  "filename": "/mnt/c/Users/neilj/Workspace/pug_dart/test/parser/cases/code.conditionals.tokens.json",
                  "val": "bar",
                  "isHtml": false
                }
              ],
              "line": 5,
              "filename": "/mnt/c/Users/neilj/Workspace/pug_dart/test/parser/cases/code.conditionals.tokens.json"
            },
            "isInline": false
          }
        ],
        "line": 5,
        "filename": "/mnt/c/Users/neilj/Workspace/pug_dart/test/parser/cases/code.conditionals.tokens.json"
      }
    },
    {
      "type": "Code",
      "line": 7,
      "column": 1,
      "filename": "/mnt/c/Users/neilj/Workspace/pug_dart/test/parser/cases/code.conditionals.tokens.json",
      "val": "if (true) {",
      "buffer": false,
      "mustEscape": false,
      "isInline": false,
      "block": {
        "type": "Block",
        "nodes": [
          {
            "type": "Tag",
            "line": 8,
            "column": 3,
            "filename": "/mnt/c/Users/neilj/Workspace/pug_dart/test/parser/cases/code.conditionals.tokens.json",
            "name": "p",
            "selfClosing": false,
            "attrs": [],
            "attributeBlocks": [],
            "block": {
              "type": "Block",
              "nodes": [
                {
                  "type": "Text",
                  "line": 8,
                  "column": 5,
                  "filename": "/mnt/c/Users/neilj/Workspace/pug_dart/test/parser/cases/code.conditionals.tokens.json",
                  "val": "foo",
                  "isHtml": false
                }
              ],
              "line": 8,
              "filename": "/mnt/c/Users/neilj/Workspace/pug_dart/test/parser/cases/code.conditionals.tokens.json"
            },
            "isInline": false
          }
        ],
        "line": 8,
        "filename": "/mnt/c/Users/neilj/Workspace/pug_dart/test/parser/cases/code.conditionals.tokens.json"
      }
    },
    {
      "type": "Code",
      "line": 9,
      "column": 1,
      "filename": "/mnt/c/Users/neilj/Workspace/pug_dart/test/parser/cases/code.conditionals.tokens.json",
      "val": "} else {",
      "buffer": false,
      "mustEscape": false,
      "isInline": false,
      "block": {
        "type": "Block",
        "nodes": [
          {
            "type": "Tag",
            "line": 10,
            "column": 3,
            "filename": "/mnt/c/Users/neilj/Workspace/pug_dart/test/parser/cases/code.conditionals.tokens.json",
            "name": "p",
            "selfClosing": false,
            "attrs": [],
            "attributeBlocks": [],
            "block": {
              "type": "Block",
              "nodes": [
                {
                  "type": "Text",
                  "line": 10,
                  "column": 5,
                  "filename": "/mnt/c/Users/neilj/Workspace/pug_dart/test/parser/cases/code.conditionals.tokens.json",
                  "val": "bar",
                  "isHtml": false
                }
              ],
              "line": 10,
              "filename": "/mnt/c/Users/neilj/Workspace/pug_dart/test/parser/cases/code.conditionals.tokens.json"
            },
            "isInline": false
          }
        ],
        "line": 10,
        "filename": "/mnt/c/Users/neilj/Workspace/pug_dart/test/parser/cases/code.conditionals.tokens.json"
      }
    },
    {
      "type": "Code",
      "line": 11,
      "column": 1,
      "filename": "/mnt/c/Users/neilj/Workspace/pug_dart/test/parser/cases/code.conditionals.tokens.json",
      "val": "}",
      "buffer": false,
      "mustEscape": false,
      "isInline": false
    },
    {
      "type": "Conditional",
      "line": 13,
      "column": 1,
      "filename": "/mnt/c/Users/neilj/Workspace/pug_dart/test/parser/cases/code.conditionals.tokens.json",
      "test": "true",
      "consequent": {
        "type": "Block",
        "nodes": [
          {
            "type": "Tag",
            "line": 14,
            "column": 3,
            "filename": "/mnt/c/Users/neilj/Workspace/pug_dart/test/parser/cases/code.conditionals.tokens.json",
            "name": "p",
            "selfClosing": false,
            "attrs": [],
            "attributeBlocks": [],
            "block": {
              "type": "Block",
              "nodes": [
                {
                  "type": "Text",
                  "line": 14,
                  "column": 5,
                  "filename": "/mnt/c/Users/neilj/Workspace/pug_dart/test/parser/cases/code.conditionals.tokens.json",
                  "val": "foo",
                  "isHtml": false
                }
              ],
              "line": 14,
              "filename": "/mnt/c/Users/neilj/Workspace/pug_dart/test/parser/cases/code.conditionals.tokens.json"
            },
            "isInline": false
          },
          {
            "type": "Tag",
            "line": 15,
            "column": 3,
            "filename": "/mnt/c/Users/neilj/Workspace/pug_dart/test/parser/cases/code.conditionals.tokens.json",
            "name": "p",
            "selfClosing": false,
            "attrs": [],
            "attributeBlocks": [],
            "block": {
              "type": "Block",
              "nodes": [
                {
                  "type": "Text",
                  "line": 15,
                  "column": 5,
                  "filename": "/mnt/c/Users/neilj/Workspace/pug_dart/test/parser/cases/code.conditionals.tokens.json",
                  "val": "bar",
                  "isHtml": false
                }
              ],
              "line": 15,
              "filename": "/mnt/c/Users/neilj/Workspace/pug_dart/test/parser/cases/code.conditionals.tokens.json"
            },
            "isInline": false
          },
          {
            "type": "Tag",
            "line": 16,
            "column": 3,
            "filename": "/mnt/c/Users/neilj/Workspace/pug_dart/test/parser/cases/code.conditionals.tokens.json",
            "name": "p",
            "selfClosing": false,
            "attrs": [],
            "attributeBlocks": [],
            "block": {
              "type": "Block",
              "nodes": [
                {
                  "type": "Text",
                  "line": 16,
                  "column": 5,
                  "filename": "/mnt/c/Users/neilj/Workspace/pug_dart/test/parser/cases/code.conditionals.tokens.json",
                  "val": "baz",
                  "isHtml": false
                }
              ],
              "line": 16,
              "filename": "/mnt/c/Users/neilj/Workspace/pug_dart/test/parser/cases/code.conditionals.tokens.json"
            },
            "isInline": false
          }
        ],
        "line": 14,
        "filename": "/mnt/c/Users/neilj/Workspace/pug_dart/test/parser/cases/code.conditionals.tokens.json"
      },
      "alternate": {
        "type": "Block",
        "nodes": [
          {
            "type": "Tag",
            "line": 18,
            "column": 3,
            "filename": "/mnt/c/Users/neilj/Workspace/pug_dart/test/parser/cases/code.conditionals.tokens.json",
            "name": "p",
            "selfClosing": false,
            "attrs": [],
            "attributeBlocks": [],
            "block": {
              "type": "Block",
              "nodes": [
                {
                  "type": "Text",
                  "line": 18,
                  "column": 5,
                  "filename": "/mnt/c/Users/neilj/Workspace/pug_dart/test/parser/cases/code.conditionals.tokens.json",
                  "val": "bar",
                  "isHtml": false
                }
              ],
              "line": 18,
              "filename": "/mnt/c/Users/neilj/Workspace/pug_dart/test/parser/cases/code.conditionals.tokens.json"
            },
            "isInline": false
          }
        ],
        "line": 18,
        "filename": "/mnt/c/Users/neilj/Workspace/pug_dart/test/parser/cases/code.conditionals.tokens.json"
      }
    },
    {
      "type": "Conditional",
      "line": 20,
      "column": 1,
      "filename": "/mnt/c/Users/neilj/Workspace/pug_dart/test/parser/cases/code.conditionals.tokens.json",
      "test": "!(true)",
      "consequent": {
        "type": "Block",
        "nodes": [
          {
            "type": "Tag",
            "line": 21,
            "column": 3,
            "filename": "/mnt/c/Users/neilj/Workspace/pug_dart/test/parser/cases/code.conditionals.tokens.json",
            "name": "p",
            "selfClosing": false,
            "attrs": [],
            "attributeBlocks": [],
            "block": {
              "type": "Block",
              "nodes": [
                {
                  "type": "Text",
                  "line": 21,
                  "column": 5,
                  "filename": "/mnt/c/Users/neilj/Workspace/pug_dart/test/parser/cases/code.conditionals.tokens.json",
                  "val": "foo",
                  "isHtml": false
                }
              ],
              "line": 21,
              "filename": "/mnt/c/Users/neilj/Workspace/pug_dart/test/parser/cases/code.conditionals.tokens.json"
            },
            "isInline": false
          }
        ],
        "line": 21,
        "filename": "/mnt/c/Users/neilj/Workspace/pug_dart/test/parser/cases/code.conditionals.tokens.json"
      },
      "alternate": {
        "type": "Block",
        "nodes": [
          {
            "type": "Tag",
            "line": 23,
            "column": 3,
            "filename": "/mnt/c/Users/neilj/Workspace/pug_dart/test/parser/cases/code.conditionals.tokens.json",
            "name": "p",
            "selfClosing": false,
            "attrs": [],
            "attributeBlocks": [],
            "block": {
              "type": "Block",
              "nodes": [
                {
                  "type": "Text",
                  "line": 23,
                  "column": 5,
                  "filename": "/mnt/c/Users/neilj/Workspace/pug_dart/test/parser/cases/code.conditionals.tokens.json",
                  "val": "bar",
                  "isHtml": false
                }
              ],
              "line": 23,
              "filename": "/mnt/c/Users/neilj/Workspace/pug_dart/test/parser/cases/code.conditionals.tokens.json"
            },
            "isInline": false
          }
        ],
        "line": 23,
        "filename": "/mnt/c/Users/neilj/Workspace/pug_dart/test/parser/cases/code.conditionals.tokens.json"
      }
    },
    {
      "type": "Conditional",
      "line": 25,
      "column": 1,
      "filename": "/mnt/c/Users/neilj/Workspace/pug_dart/test/parser/cases/code.conditionals.tokens.json",
      "test": "'nested'",
      "consequent": {
        "type": "Block",
        "nodes": [
          {
            "type": "Conditional",
            "line": 26,
            "column": 3,
            "filename": "/mnt/c/Users/neilj/Workspace/pug_dart/test/parser/cases/code.conditionals.tokens.json",
            "test": "'works'",
            "consequent": {
              "type": "Block",
              "nodes": [
                {
                  "type": "Tag",
                  "line": 27,
                  "column": 5,
                  "filename": "/mnt/c/Users/neilj/Workspace/pug_dart/test/parser/cases/code.conditionals.tokens.json",
                  "name": "p",
                  "selfClosing": false,
                  "attrs": [],
                  "attributeBlocks": [],
                  "block": {
                    "type": "Block",
                    "nodes": [
                      {
                        "type": "Text",
                        "line": 27,
                        "column": 7,
                        "filename": "/mnt/c/Users/neilj/Workspace/pug_dart/test/parser/cases/code.conditionals.tokens.json",
                        "val": "yay",
                        "isHtml": false
                      }
                    ],
                    "line": 27,
                    "filename": "/mnt/c/Users/neilj/Workspace/pug_dart/test/parser/cases/code.conditionals.tokens.json"
                  },
                  "isInline": false
                }
              ],
              "line": 27,
              "filename": "/mnt/c/Users/neilj/Workspace/pug_dart/test/parser/cases/code.conditionals.tokens.json"
            }
          }
        ],
        "line": 26,
        "filename": "/mnt/c/Users/neilj/Workspace/pug_dart/test/parser/cases/code.conditionals.tokens.json"
      }
    },
    {
      "type": "Comment",
      "line": 29,
      "column": 1,
      "filename": "/mnt/c/Users/neilj/Workspace/pug_dart/test/parser/cases/code.conditionals.tokens.json",
      "val": " allow empty blocks",
      "buffer": false
    },
    {
      "type": "Conditional",
      "line": 30,
      "column": 1,
      "filename": "/mnt/c/Users/neilj/Workspace/pug_dart/test/parser/cases/code.conditionals.tokens.json",
      "test": "false",
      "consequent": {
        "type": "Block",
        "nodes": [],
        "line": 30,
        "filename": "/mnt/c/Users/neilj/Workspace/pug_dart/test/parser/cases/code.conditionals.tokens.json"
      },
      "alternate": {
        "type": "Block",
        "nodes": [
          {
            "type": "Tag",
            "line": 32,
            "column": 3,
            "filename": "/mnt/c/Users/neilj/Workspace/pug_dart/test/parser/cases/code.conditionals.tokens.json",
            "name": "div",
            "selfClosing": false,
            "attrs": [
              {
                "line": 32,
                "column": 3,
                "filename": "/mnt/c/Users/neilj/Workspace/pug_dart/test/parser/cases/code.conditionals.tokens.json",
                "val": "'bar'",
                "name": "class",
                "mustEscape": false
              }
            ],
            "attributeBlocks": [],
            "block": {
              "type": "Block",
              "nodes": [],
              "line": 32,
              "filename": "/mnt/c/Users/neilj/Workspace/pug_dart/test/parser/cases/code.conditionals.tokens.json"
            },
            "isInline": false
          }
        ],
        "line": 32,
        "filename": "/mnt/c/Users/neilj/Workspace/pug_dart/test/parser/cases/code.conditionals.tokens.json"
      }
    },
    {
      "type": "Conditional",
      "line": 33,
      "column": 1,
      "filename": "/mnt/c/Users/neilj/Workspace/pug_dart/test/parser/cases/code.conditionals.tokens.json",
      "test": "true",
      "consequent": {
        "type": "Block",
        "nodes": [
          {
            "type": "Tag",
            "line": 34,
            "column": 3,
            "filename": "/mnt/c/Users/neilj/Workspace/pug_dart/test/parser/cases/code.conditionals.tokens.json",
            "name": "div",
            "selfClosing": false,
            "attrs": [
              {
                "line": 34,
                "column": 3,
                "filename": "/mnt/c/Users/neilj/Workspace/pug_dart/test/parser/cases/code.conditionals.tokens.json",
                "val": "'bar'",
                "name": "class",
                "mustEscape": false
              }
            ],
            "attributeBlocks": [],
            "block": {
              "type": "Block",
              "nodes": [],
              "line": 34,
              "filename": "/mnt/c/Users/neilj/Workspace/pug_dart/test/parser/cases/code.conditionals.tokens.json"
            },
            "isInline": false
          }
        ],
        "line": 34,
        "filename": "/mnt/c/Users/neilj/Workspace/pug_dart/test/parser/cases/code.conditionals.tokens.json"
      }
    },
    {
      "type": "Tag",
      "line": 36,
      "column": 1,
      "filename": "/mnt/c/Users/neilj/Workspace/pug_dart/test/parser/cases/code.conditionals.tokens.json",
      "name": "div",
      "selfClosing": false,
      "attrs": [
        {
          "line": 36,
          "column": 1,
          "filename": "/mnt/c/Users/neilj/Workspace/pug_dart/test/parser/cases/code.conditionals.tokens.json",
          "val": "'bing'",
          "name": "class",
          "mustEscape": false
        }
      ],
      "attributeBlocks": [],
      "block": {
        "type": "Block",
        "nodes": [],
        "line": 36,
        "filename": "/mnt/c/Users/neilj/Workspace/pug_dart/test/parser/cases/code.conditionals.tokens.json"
      },
      "isInline": false
    },
    {
      "type": "Conditional",
      "line": 38,
      "column": 1,
      "filename": "/mnt/c/Users/neilj/Workspace/pug_dart/test/parser/cases/code.conditionals.tokens.json",
      "test": "false",
      "consequent": {
        "type": "Block",
        "nodes": [
          {
            "type": "Tag",
            "line": 39,
            "column": 3,
            "filename": "/mnt/c/Users/neilj/Workspace/pug_dart/test/parser/cases/code.conditionals.tokens.json",
            "name": "div",
            "selfClosing": false,
            "attrs": [
              {
                "line": 39,
                "column": 3,
                "filename": "/mnt/c/Users/neilj/Workspace/pug_dart/test/parser/cases/code.conditionals.tokens.json",
                "val": "'bing'",
                "name": "class",
                "mustEscape": false
              }
            ],
            "attributeBlocks": [],
            "block": {
              "type": "Block",
              "nodes": [],
              "line": 39,
              "filename": "/mnt/c/Users/neilj/Workspace/pug_dart/test/parser/cases/code.conditionals.tokens.json"
            },
            "isInline": false
          }
        ],
        "line": 39,
        "filename": "/mnt/c/Users/neilj/Workspace/pug_dart/test/parser/cases/code.conditionals.tokens.json"
      },
      "alternate": {
        "type": "Conditional",
        "line": 40,
        "column": 1,
        "filename": "/mnt/c/Users/neilj/Workspace/pug_dart/test/parser/cases/code.conditionals.tokens.json",
        "test": "false",
        "consequent": {
          "type": "Block",
          "nodes": [
            {
              "type": "Tag",
              "line": 41,
              "column": 3,
              "filename": "/mnt/c/Users/neilj/Workspace/pug_dart/test/parser/cases/code.conditionals.tokens.json",
              "name": "div",
              "selfClosing": false,
              "attrs": [
                {
                  "line": 41,
                  "column": 3,
                  "filename": "/mnt/c/Users/neilj/Workspace/pug_dart/test/parser/cases/code.conditionals.tokens.json",
                  "val": "'bar'",
                  "name": "class",
                  "mustEscape": false
                }
              ],
              "attributeBlocks": [],
              "block": {
                "type": "Block",
                "nodes": [],
                "line": 41,
                "filename": "/mnt/c/Users/neilj/Workspace/pug_dart/test/parser/cases/code.conditionals.tokens.json"
              },
              "isInline": false
            }
          ],
          "line": 41,
          "filename": "/mnt/c/Users/neilj/Workspace/pug_dart/test/parser/cases/code.conditionals.tokens.json"
        },
        "alternate": {
          "type": "Block",
          "nodes": [
            {
              "type": "Tag",
              "line": 43,
              "column": 3,
              "filename": "/mnt/c/Users/neilj/Workspace/pug_dart/test/parser/cases/code.conditionals.tokens.json",
              "name": "div",
              "selfClosing": false,
              "attrs": [
                {
                  "line": 43,
                  "column": 3,
                  "filename": "/mnt/c/Users/neilj/Workspace/pug_dart/test/parser/cases/code.conditionals.tokens.json",
                  "val": "'foo'",
                  "name": "class",
                  "mustEscape": false
                }
              ],
              "attributeBlocks": [],
              "block": {
                "type": "Block",
                "nodes": [],
                "line": 43,
                "filename": "/mnt/c/Users/neilj/Workspace/pug_dart/test/parser/cases/code.conditionals.tokens.json"
              },
              "isInline": false
            }
          ],
          "line": 43,
          "filename": "/mnt/c/Users/neilj/Workspace/pug_dart/test/parser/cases/code.conditionals.tokens.json"
        }
      }
    }
  ],
  "line": 0,
  "filename": "/mnt/c/Users/neilj/Workspace/pug_dart/test/parser/cases/code.conditionals.tokens.json"
}