{"type":"Block","nodes":[{"type":"Include","line":1,"column":1,"filename":"/mnt/c/Users/neilj/Workspace/pug_dart/test/parser/cases/filter-in-include.tokens.json","file":{"type":"FileReference","line":1,"column":9,"filename":"/mnt/c/Users/neilj/Workspace/pug_dart/test/parser/cases/filter-in-include.tokens.json","path":"./auxiliary/filter-in-include.pug"}}],"line":0,"filename":"/mnt/c/Users/neilj/Workspace/pug_dart/test/parser/cases/filter-in-include.tokens.json"}