{
  "type": "Block",
  "nodes": [
    {
      "type": "Tag",
      "line": 1,
      "column": 1,
      "filename": "/mnt/c/Users/neilj/Workspace/pug_dart/test/parser/cases/filters.coffeescript.tokens.json",
      "name": "script",
      "selfClosing": false,
      "attrs": [
        {
          "line": 1,
          "column": 8,
          "filename": "/mnt/c/Users/neilj/Workspace/pug_dart/test/parser/cases/filters.coffeescript.tokens.json",
          "val": "'text/javascript'",
          "name": "type",
          "mustEscape": true
        }
      ],
      "attributeBlocks": [],
      "block": {
        "type": "Block",
        "nodes": [
          {
            "type": "Filter",
            "line": 2,
            "column": 3,
            "filename": "/mnt/c/Users/neilj/Workspace/pug_dart/test/parser/cases/filters.coffeescript.tokens.json",
            "name": "coffee-script"
          },
          {
            "type": "Filter",
            "line": 4,
            "column": 3,
            "filename": "/mnt/c/Users/neilj/Workspace/pug_dart/test/parser/cases/filters.coffeescript.tokens.json",
            "name": "coffee-script"
          }
        ],
        "line": 1,
        "filename": "/mnt/c/Users/neilj/Workspace/pug_dart/test/parser/cases/filters.coffeescript.tokens.json"
      },
      "isInline": false
    }
  ],
  "line": 0,
  "filename": "/mnt/c/Users/neilj/Workspace/pug_dart/test/parser/cases/filters.coffeescript.tokens.json"
}