{
  "type": "Block",
  "nodes": [
    {
      "type": "Include",
      "line": 1,
      "column": 1,
      "filename": "/mnt/c/Users/neilj/Workspace/pug_dart/test/parser/cases/include-extends-relative.tokens.json",
      "file": {
        "type": "FileReference",
        "line": 1,
        "column": 9,
        "filename": "/mnt/c/Users/neilj/Workspace/pug_dart/test/parser/cases/include-extends-relative.tokens.json",
        "path": "../cases/auxiliary/extends-relative.pug"
      }
    }
  ],
  "line": 0,
  "filename": "/mnt/c/Users/neilj/Workspace/pug_dart/test/parser/cases/include-extends-relative.tokens.json"
}