{"type":"Block","nodes":[{"type":"Include","line":1,"column":1,"filename":"include-extends-from-root.tokens.json","file":{"type":"FileReference","line":1,"column":9,"filename":"include-extends-from-root.tokens.json","path":"/auxiliary/extends-from-root.pug"}}],"line":0,"filename":"include-extends-from-root.tokens.json"}