{"type":"Block","nodes":[{"type":"Tag","line":1,"column":1,"filename":"include-with-text.tokens.json","name":"html","selfClosing":false,"attrs":[],"attributeBlocks":[],"block":{"type":"Block","nodes":[{"type":"Include","line":2,"column":3,"filename":"include-with-text.tokens.json","file":{"type":"FileReference","line":2,"column":11,"filename":"include-with-text.tokens.json","path":"include-with-text-head.pug"}}],"line":1,"filename":"include-with-text.tokens.json"},"isInline":false}],"line":0,"filename":"include-with-text.tokens.json"}