{"type":"Block","nodes":[{"type":"Text","line":1,"column":3,"filename":"/mnt/c/Users/neilj/Workspace/pug_dart/test/parser/cases/include-only-text-body.tokens.json","val":"The message is \"","isHtml":false},{"type":"YieldBlock","line":2,"column":1,"filename":"/mnt/c/Users/neilj/Workspace/pug_dart/test/parser/cases/include-only-text-body.tokens.json"},{"type":"Text","line":3,"column":3,"filename":"/mnt/c/Users/neilj/Workspace/pug_dart/test/parser/cases/include-only-text-body.tokens.json","val":"\"","isHtml":false}],"line":0,"filename":"/mnt/c/Users/neilj/Workspace/pug_dart/test/parser/cases/include-only-text-body.tokens.json"}