{
  "type": "Block",
  "nodes": [
    {
      "type": "Extends",
      "line": 1,
      "column": 1,
      "filename": "/mnt/c/Users/neilj/Workspace/pug_dart/test/parser/cases/inheritance.extend.mixins.block.tokens.json",
      "file": {
        "type": "FileReference",
        "line": 1,
        "column": 8,
        "filename": "/mnt/c/Users/neilj/Workspace/pug_dart/test/parser/cases/inheritance.extend.mixins.block.tokens.json",
        "path": "auxiliary/inheritance.extend.mixin.block.pug"
      }
    },
    {
      "type": "NamedBlock",
      "nodes": [
        {
          "type": "Tag",
          "line": 4,
          "column": 3,
          "filename": "/mnt/c/Users/neilj/Workspace/pug_dart/test/parser/cases/inheritance.extend.mixins.block.tokens.json",
          "name": "p",
          "selfClosing": false,
          "attrs": [],
          "attributeBlocks": [],
          "block": {
            "type": "Block",
            "nodes": [
              {
                "type": "Text",
                "line": 4,
                "column": 5,
                "filename": "/mnt/c/Users/neilj/Workspace/pug_dart/test/parser/cases/inheritance.extend.mixins.block.tokens.json",
                "val": "Hello World!",
                "isHtml": false
              }
            ],
            "line": 4,
            "filename": "/mnt/c/Users/neilj/Workspace/pug_dart/test/parser/cases/inheritance.extend.mixins.block.tokens.json"
          },
          "isInline": false
        }
      ],
      "line": 3,
      "column": 1,
      "filename": "/mnt/c/Users/neilj/Workspace/pug_dart/test/parser/cases/inheritance.extend.mixins.block.tokens.json",
      "mode": "replace",
      "name": "content"
    }
  ],
  "line": 0,
  "filename": "/mnt/c/Users/neilj/Workspace/pug_dart/test/parser/cases/inheritance.extend.mixins.block.tokens.json"
}