{"type":"Block","nodes":[{"type":"Mixin","line":1,"column":1,"filename":"mixins-unused.tokens.json","name":"never-called","block":{"type":"Block","nodes":[{"type":"Tag","line":2,"column":3,"filename":"mixins-unused.tokens.json","name":"div","selfClosing":false,"attrs":[{"line":2,"column":3,"filename":"mixins-unused.tokens.json","val":"'wtf'","name":"class","mustEscape":false}],"attributeBlocks":[],"block":{"type":"Block","nodes":[{"type":"Text","line":2,"column":8,"filename":"mixins-unused.tokens.json","val":"This isn't something we ever want to output"}],"line":2,"filename":"mixins-unused.tokens.json"},"isInline":false}],"line":2,"filename":"mixins-unused.tokens.json"},"call":false},{"type":"Tag","line":3,"column":1,"filename":"mixins-unused.tokens.json","name":"body","selfClosing":false,"attrs":[],"attributeBlocks":[],"block":{"type":"Block","nodes":[],"line":3,"filename":"mixins-unused.tokens.json"},"isInline":false}],"line":0,"filename":"mixins-unused.tokens.json"}