{"type":"Block","nodes":[{"type":"BlockComment","line":1,"column":1,"filename":"pipeless-comments.tokens.json","val":"","buffer":true,"block":{"type":"Block","nodes":[{"type":"Text","line":2,"column":3,"filename":"pipeless-comments.tokens.json","val":"     .foo"},{"type":"Text","line":3,"column":1,"filename":"pipeless-comments.tokens.json","val":"\n"},{"type":"Text","line":3,"column":3,"filename":"pipeless-comments.tokens.json","val":"\t.bar"},{"type":"Text","line":4,"column":1,"filename":"pipeless-comments.tokens.json","val":"\n"},{"type":"Text","line":4,"column":3,"filename":"pipeless-comments.tokens.json","val":".hey"}],"line":1,"filename":"pipeless-comments.tokens.json"}}],"line":0,"filename":"pipeless-comments.tokens.json"}