{
  "type": "Block",
  "nodes": [
    {
      "type": "Extends",
      "line": 1,
      "column": 1,
      "filename": "/mnt/c/Users/neilj/Workspace/pug_dart/test/parser/cases/regression.1794.tokens.json",
      "file": {
        "type": "FileReference",
        "line": 1,
        "column": 9,
        "filename": "/mnt/c/Users/neilj/Workspace/pug_dart/test/parser/cases/regression.1794.tokens.json",
        "path": "./auxiliary/1794-extends.pug"
      }
    },
    {
      "type": "NamedBlock",
      "nodes": [
        {
          "type": "Include",
          "line": 4,
          "column": 3,
          "filename": "/mnt/c/Users/neilj/Workspace/pug_dart/test/parser/cases/regression.1794.tokens.json",
          "file": {
            "type": "FileReference",
            "line": 4,
            "column": 11,
            "filename": "/mnt/c/Users/neilj/Workspace/pug_dart/test/parser/cases/regression.1794.tokens.json",
            "path": "./auxiliary/1794-include.pug"
          }
        }
      ],
      "line": 3,
      "column": 1,
      "filename": "/mnt/c/Users/neilj/Workspace/pug_dart/test/parser/cases/regression.1794.tokens.json",
      "mode": "replace",
      "name": "content"
    }
  ],
  "line": 0,
  "filename": "/mnt/c/Users/neilj/Workspace/pug_dart/test/parser/cases/regression.1794.tokens.json"
}