{"type":"Block","nodes":[{"type":"Tag","line":1,"column":1,"filename":"single-period.tokens.json","name":"span","selfClosing":false,"attrs":[],"attributeBlocks":[],"block":{"type":"Block","nodes":[{"type":"Text","line":1,"column":6,"filename":"single-period.tokens.json","val":"."}],"line":1,"filename":"single-period.tokens.json"},"isInline":true}],"line":0,"filename":"single-period.tokens.json"}