{
  "type": "Block",
  "nodes": [
    {
      "type": "Tag",
      "line": 1,
      "column": 1,
      "filename": "/mnt/c/Users/neilj/Workspace/pug_dart/test/parser/cases/source.tokens.json",
      "name": "html",
      "selfClosing": false,
      "attrs": [],
      "attributeBlocks": [],
      "block": {
        "type": "Block",
        "nodes": [
          {
            "type": "Tag",
            "line": 2,
            "column": 3,
            "filename": "/mnt/c/Users/neilj/Workspace/pug_dart/test/parser/cases/source.tokens.json",
            "name": "audio",
            "selfClosing": false,
            "attrs": [
              {
                "line": 2,
                "column": 9,
                "filename": "/mnt/c/Users/neilj/Workspace/pug_dart/test/parser/cases/source.tokens.json",
                "val": "'auto'",
                "name": "preload",
                "mustEscape": true
              },
              {
                "line": 2,
                "column": 25,
                "filename": "/mnt/c/Users/neilj/Workspace/pug_dart/test/parser/cases/source.tokens.json",
                "val": true,
                "name": "autobuffer",
                "mustEscape": true
              },
              {
                "line": 2,
                "column": 37,
                "filename": "/mnt/c/Users/neilj/Workspace/pug_dart/test/parser/cases/source.tokens.json",
                "val": true,
                "name": "controls",
                "mustEscape": true
              }
            ],
            "attributeBlocks": [],
            "block": {
              "type": "Block",
              "nodes": [
                {
                  "type": "Tag",
                  "line": 3,
                  "column": 5,
                  "filename": "/mnt/c/Users/neilj/Workspace/pug_dart/test/parser/cases/source.tokens.json",
                  "name": "source",
                  "selfClosing": false,
                  "attrs": [
                    {
                      "line": 3,
                      "column": 12,
                      "filename": "/mnt/c/Users/neilj/Workspace/pug_dart/test/parser/cases/source.tokens.json",
                      "val": "'foo'",
                      "name": "src",
                      "mustEscape": true
                    }
                  ],
                  "attributeBlocks": [],
                  "block": {
                    "type": "Block",
                    "nodes": [],
                    "line": 3,
                    "filename": "/mnt/c/Users/neilj/Workspace/pug_dart/test/parser/cases/source.tokens.json"
                  },
                  "isInline": false
                },
                {
                  "type": "Tag",
                  "line": 4,
                  "column": 5,
                  "filename": "/mnt/c/Users/neilj/Workspace/pug_dart/test/parser/cases/source.tokens.json",
                  "name": "source",
                  "selfClosing": false,
                  "attrs": [
                    {
                      "line": 4,
                      "column": 12,
                      "filename": "/mnt/c/Users/neilj/Workspace/pug_dart/test/parser/cases/source.tokens.json",
                      "val": "'bar'",
                      "name": "src",
                      "mustEscape": true
                    }
                  ],
                  "attributeBlocks": [],
                  "block": {
                    "type": "Block",
                    "nodes": [],
                    "line": 4,
                    "filename": "/mnt/c/Users/neilj/Workspace/pug_dart/test/parser/cases/source.tokens.json"
                  },
                  "isInline": false
                }
              ],
              "line": 2,
              "filename": "/mnt/c/Users/neilj/Workspace/pug_dart/test/parser/cases/source.tokens.json"
            },
            "isInline": false
          }
        ],
        "line": 1,
        "filename": "/mnt/c/Users/neilj/Workspace/pug_dart/test/parser/cases/source.tokens.json"
      },
      "isInline": false
    }
  ],
  "line": 0,
  "filename": "/mnt/c/Users/neilj/Workspace/pug_dart/test/parser/cases/source.tokens.json"
}