{
  "type": "Block",
  "nodes": [
    {
      "type": "Comment",
      "line": 1,
      "column": 1,
      "filename": "/mnt/c/Users/neilj/Workspace/pug_dart/test/parser/cases/tag-blocks.tokens.json",
      "val": " we should not get blocks within blocks",
      "buffer": true
    },
    {
      "type": "Tag",
      "line": 2,
      "column": 1,
      "filename": "/mnt/c/Users/neilj/Workspace/pug_dart/test/parser/cases/tag-blocks.tokens.json",
      "name": "div",
      "selfClosing": false,
      "attrs": [],
      "attributeBlocks": [],
      "block": {
        "type": "Block",
        "nodes": [
          {
            "type": "Text",
            "line": 3,
            "column": 5,
            "filename": "/mnt/c/Users/neilj/Workspace/pug_dart/test/parser/cases/tag-blocks.tokens.json",
            "val": "We have sent an e-mail to ",
            "isHtml": false
          },
          {
            "type": "Tag",
            "line": 3,
            "column": 33,
            "filename": "/mnt/c/Users/neilj/Workspace/pug_dart/test/parser/cases/tag-blocks.tokens.json",
            "name": "strong",
            "selfClosing": false,
            "attrs": [],
            "attributeBlocks": [],
            "block": {
              "type": "Block",
              "nodes": [
                {
                  "type": "Code",
                  "line": 3,
                  "column": 39,
                  "filename": "/mnt/c/Users/neilj/Workspace/pug_dart/test/parser/cases/tag-blocks.tokens.json",
                  "val": "this.props.email",
                  "buffer": true,
                  "mustEscape": true,
                  "isInline": true
                }
              ],
              "line": 3,
              "filename": "/mnt/c/Users/neilj/Workspace/pug_dart/test/parser/cases/tag-blocks.tokens.json"
            },
            "isInline": true
          },
          {
            "type": "Text",
            "line": 3,
            "column": 58,
            "filename": "/mnt/c/Users/neilj/Workspace/pug_dart/test/parser/cases/tag-blocks.tokens.json",
            "val": ".  Please click the link in the e-mail",
            "isHtml": false
          },
          {
            "type": "Code",
            "line": 4,
            "column": 3,
            "filename": "/mnt/c/Users/neilj/Workspace/pug_dart/test/parser/cases/tag-blocks.tokens.json",
            "val": "'  '",
            "buffer": true,
            "mustEscape": true,
            "isInline": false
          },
          {
            "type": "Text",
            "line": 5,
            "column": 5,
            "filename": "/mnt/c/Users/neilj/Workspace/pug_dart/test/parser/cases/tag-blocks.tokens.json",
            "val": "to confirm your e-mail address.",
            "isHtml": false
          }
        ],
        "line": 2,
        "filename": "/mnt/c/Users/neilj/Workspace/pug_dart/test/parser/cases/tag-blocks.tokens.json"
      },
      "isInline": false
    }
  ],
  "line": 0,
  "filename": "/mnt/c/Users/neilj/Workspace/pug_dart/test/parser/cases/tag-blocks.tokens.json"
}