{
  "type": "Block",
  "nodes": [
    {
      "type": "Code",
      "line": 1,
      "column": 1,
      "filename": "/mnt/c/Users/neilj/Workspace/pug_dart/test/parser/cases/while.tokens.json",
      "val": "var x = 1;",
      "buffer": false,
      "mustEscape": false,
      "isInline": false
    },
    {
      "type": "Tag",
      "line": 2,
      "column": 1,
      "filename": "/mnt/c/Users/neilj/Workspace/pug_dart/test/parser/cases/while.tokens.json",
      "name": "ul",
      "selfClosing": false,
      "attrs": [],
      "attributeBlocks": [],
      "block": {
        "type": "Block",
        "nodes": [
          {
            "type": "While",
            "line": 3,
            "column": 3,
            "filename": "/mnt/c/Users/neilj/Workspace/pug_dart/test/parser/cases/while.tokens.json",
            "test": "x < 10",
            "block": {
              "type": "Block",
              "nodes": [
                {
                  "type": "Code",
                  "line": 4,
                  "column": 5,
                  "filename": "/mnt/c/Users/neilj/Workspace/pug_dart/test/parser/cases/while.tokens.json",
                  "val": "x++;",
                  "buffer": false,
                  "mustEscape": false,
                  "isInline": false
                },
                {
                  "type": "Tag",
                  "line": 5,
                  "column": 5,
                  "filename": "/mnt/c/Users/neilj/Workspace/pug_dart/test/parser/cases/while.tokens.json",
                  "name": "li",
                  "selfClosing": false,
                  "attrs": [],
                  "attributeBlocks": [],
                  "block": {
                    "type": "Block",
                    "nodes": [
                      {
                        "type": "Code",
                        "line": 5,
                        "column": 7,
                        "filename": "/mnt/c/Users/neilj/Workspace/pug_dart/test/parser/cases/while.tokens.json",
                        "val": "x",
                        "buffer": true,
                        "mustEscape": true,
                        "isInline": true
                      }
                    ],
                    "line": 5,
                    "filename": "/mnt/c/Users/neilj/Workspace/pug_dart/test/parser/cases/while.tokens.json"
                  },
                  "isInline": false
                }
              ],
              "line": 4,
              "filename": "/mnt/c/Users/neilj/Workspace/pug_dart/test/parser/cases/while.tokens.json"
            }
          }
        ],
        "line": 2,
        "filename": "/mnt/c/Users/neilj/Workspace/pug_dart/test/parser/cases/while.tokens.json"
      },
      "isInline": false
    }
  ],
  "line": 0,
  "filename": "/mnt/c/Users/neilj/Workspace/pug_dart/test/parser/cases/while.tokens.json"
}