{
  "type": "Block",
  "nodes": [
    {
      "type": "Tag",
      "line": 1,
      "column": 1,
      "filename": "/mnt/c/Users/neilj/Workspace/pug_dart/test/parser/cases/yield-head.tokens.json",
      "name": "head",
      "selfClosing": false,
      "attrs": [],
      "attributeBlocks": [],
      "block": {
        "type": "Block",
        "nodes": [
          {
            "type": "Tag",
            "line": 2,
            "column": 3,
            "filename": "/mnt/c/Users/neilj/Workspace/pug_dart/test/parser/cases/yield-head.tokens.json",
            "name": "script",
            "selfClosing": false,
            "attrs": [
              {
                "line": 2,
                "column": 10,
                "filename": "/mnt/c/Users/neilj/Workspace/pug_dart/test/parser/cases/yield-head.tokens.json",
                "val": "'/jquery.js'",
                "name": "src",
                "mustEscape": true
              }
            ],
            "attributeBlocks": [],
            "block": {
              "type": "Block",
              "nodes": [],
              "line": 2,
              "filename": "/mnt/c/Users/neilj/Workspace/pug_dart/test/parser/cases/yield-head.tokens.json"
            },
            "isInline": false
          },
          {
            "type": "YieldBlock",
            "line": 3,
            "column": 3,
            "filename": "/mnt/c/Users/neilj/Workspace/pug_dart/test/parser/cases/yield-head.tokens.json"
          },
          {
            "type": "Tag",
            "line": 4,
            "column": 3,
            "filename": "/mnt/c/Users/neilj/Workspace/pug_dart/test/parser/cases/yield-head.tokens.json",
            "name": "script",
            "selfClosing": false,
            "attrs": [
              {
                "line": 4,
                "column": 10,
                "filename": "/mnt/c/Users/neilj/Workspace/pug_dart/test/parser/cases/yield-head.tokens.json",
                "val": "'/jquery.ui.js'",
                "name": "src",
                "mustEscape": true
              }
            ],
            "attributeBlocks": [],
            "block": {
              "type": "Block",
              "nodes": [],
              "line": 4,
              "filename": "/mnt/c/Users/neilj/Workspace/pug_dart/test/parser/cases/yield-head.tokens.json"
            },
            "isInline": false
          }
        ],
        "line": 1,
        "filename": "/mnt/c/Users/neilj/Workspace/pug_dart/test/parser/cases/yield-head.tokens.json"
      },
      "isInline": false
    }
  ],
  "line": 0,
  "filename": "/mnt/c/Users/neilj/Workspace/pug_dart/test/parser/cases/yield-head.tokens.json"
}