[
  {
    "type": "newline",
    "loc": {
      "filename": "/mnt/c/Users/neilj/Workspace/pug_dart/test/lexer/cases/blanks.pug",
      "start": {
        "line": 3,
        "column": 1
      },
      "end": {
        "line": 3,
        "column": 1
      }
    }
  },
  {
    "type": "tag",
    "loc": {
      "filename": "/mnt/c/Users/neilj/Workspace/pug_dart/test/lexer/cases/blanks.pug",
      "start": {
        "line": 3,
        "column": 1
      },
      "end": {
        "line": 3,
        "column": 3
      }
    },
    "val": "ul"
  },
  {
    "type": "indent",
    "loc": {
      "filename": "/mnt/c/Users/neilj/Workspace/pug_dart/test/lexer/cases/blanks.pug",
      "start": {
        "line": 4,
        "column": 1
      },
      "end": {
        "line": 4,
        "column": 3
      }
    },
    "val": "2"
  },
  {
    "type": "tag",
    "loc": {
      "filename": "/mnt/c/Users/neilj/Workspace/pug_dart/test/lexer/cases/blanks.pug",
      "start": {
        "line": 4,
        "column": 3
      },
      "end": {
        "line": 4,
        "column": 5
      }
    },
    "val": "li"
  },
  {
    "type": "newline",
    "loc": {
      "filename": "/mnt/c/Users/neilj/Workspace/pug_dart/test/lexer/cases/blanks.pug",
      "start": {
        "line": 6,
        "column": 1
      },
      "end": {
        "line": 6,
        "column": 3
      }
    }
  },
  {
    "type": "tag",
    "loc": {
      "filename": "/mnt/c/Users/neilj/Workspace/pug_dart/test/lexer/cases/blanks.pug",
      "start": {
        "line": 6,
        "column": 3
      },
      "end": {
        "line": 6,
        "column": 5
      }
    },
    "val": "li"
  },
  {
    "type": "newline",
    "loc": {
      "filename": "/mnt/c/Users/neilj/Workspace/pug_dart/test/lexer/cases/blanks.pug",
      "start": {
        "line": 8,
        "column": 1
      },
      "end": {
        "line": 8,
        "column": 3
      }
    }
  },
  {
    "type": "tag",
    "loc": {
      "filename": "/mnt/c/Users/neilj/Workspace/pug_dart/test/lexer/cases/blanks.pug",
      "start": {
        "line": 8,
        "column": 3
      },
      "end": {
        "line": 8,
        "column": 5
      }
    },
    "val": "li"
  },
  {
    "type": "outdent",
    "loc": {
      "filename": "/mnt/c/Users/neilj/Workspace/pug_dart/test/lexer/cases/blanks.pug",
      "start": {
        "line": 9,
        "column": 1
      },
      "end": {
        "line": 9,
        "column": 1
      }
    }
  },
  {
    "type": "outdent",
    "loc": {
      "filename": "/mnt/c/Users/neilj/Workspace/pug_dart/test/lexer/cases/blanks.pug",
      "start": {
        "line": 9,
        "column": 1
      },
      "end": {
        "line": 9,
        "column": 1
      }
    }
  },
  {
    "type": "eos",
    "loc": {
      "filename": "/mnt/c/Users/neilj/Workspace/pug_dart/test/lexer/cases/blanks.pug",
      "start": {
        "line": 9,
        "column": 1
      },
      "end": {
        "line": 9,
        "column": 1
      }
    }
  }
]