[
  {
    "type": "tag",
    "loc": {
      "filename": "/mnt/c/Users/neilj/Workspace/pug_dart/test/lexer/cases/block-expansion.shorthands.pug",
      "start": {
        "line": 1,
        "column": 1
      },
      "end": {
        "line": 1,
        "column": 3
      }
    },
    "val": "ul",
    "buffer": null,
    "mustEscape": null,
    "mode": null,
    "args": null,
    "key": null,
    "code": null,
    "value": null,
    "name": null
  },
  {
    "type": "indent",
    "loc": {
      "filename": "/mnt/c/Users/neilj/Workspace/pug_dart/test/lexer/cases/block-expansion.shorthands.pug",
      "start": {
        "line": 2,
        "column": 1
      },
      "end": {
        "line": 2,
        "column": 3
      }
    },
    "val": "2",
    "buffer": null,
    "mustEscape": null,
    "mode": null,
    "args": null,
    "key": null,
    "code": null,
    "value": null,
    "name": null
  },
  {
    "type": "tag",
    "loc": {
      "filename": "/mnt/c/Users/neilj/Workspace/pug_dart/test/lexer/cases/block-expansion.shorthands.pug",
      "start": {
        "line": 2,
        "column": 3
      },
      "end": {
        "line": 2,
        "column": 5
      }
    },
    "val": "li",
    "buffer": null,
    "mustEscape": null,
    "mode": null,
    "args": null,
    "key": null,
    "code": null,
    "value": null,
    "name": null
  },
  {
    "type": "class",
    "loc": {
      "filename": "/mnt/c/Users/neilj/Workspace/pug_dart/test/lexer/cases/block-expansion.shorthands.pug",
      "start": {
        "line": 2,
        "column": 5
      },
      "end": {
        "line": 2,
        "column": 15
      }
    },
    "val": "list-item",
    "buffer": null,
    "mustEscape": null,
    "mode": null,
    "args": null,
    "key": null,
    "code": null,
    "value": null,
    "name": null
  },
  {
    "type": ":",
    "loc": {
      "filename": "/mnt/c/Users/neilj/Workspace/pug_dart/test/lexer/cases/block-expansion.shorthands.pug",
      "start": {
        "line": 2,
        "column": 15
      },
      "end": {
        "line": 2,
        "column": 17
      }
    },
    "val": null,
    "buffer": null,
    "mustEscape": null,
    "mode": null,
    "args": null,
    "key": null,
    "code": null,
    "value": null,
    "name": null
  },
  {
    "type": "class",
    "loc": {
      "filename": "/mnt/c/Users/neilj/Workspace/pug_dart/test/lexer/cases/block-expansion.shorthands.pug",
      "start": {
        "line": 2,
        "column": 17
      },
      "end": {
        "line": 2,
        "column": 21
      }
    },
    "val": "foo",
    "buffer": null,
    "mustEscape": null,
    "mode": null,
    "args": null,
    "key": null,
    "code": null,
    "value": null,
    "name": null
  },
  {
    "type": ":",
    "loc": {
      "filename": "/mnt/c/Users/neilj/Workspace/pug_dart/test/lexer/cases/block-expansion.shorthands.pug",
      "start": {
        "line": 2,
        "column": 21
      },
      "end": {
        "line": 2,
        "column": 23
      }
    },
    "val": null,
    "buffer": null,
    "mustEscape": null,
    "mode": null,
    "args": null,
    "key": null,
    "code": null,
    "value": null,
    "name": null
  },
  {
    "type": "id",
    "loc": {
      "filename": "/mnt/c/Users/neilj/Workspace/pug_dart/test/lexer/cases/block-expansion.shorthands.pug",
      "start": {
        "line": 2,
        "column": 23
      },
      "end": {
        "line": 2,
        "column": 27
      }
    },
    "val": "bar",
    "buffer": null,
    "mustEscape": null,
    "mode": null,
    "args": null,
    "key": null,
    "code": null,
    "value": null,
    "name": null
  },
  {
    "type": "outdent",
    "loc": {
      "filename": "/mnt/c/Users/neilj/Workspace/pug_dart/test/lexer/cases/block-expansion.shorthands.pug",
      "start": {
        "line": 2,
        "column": 28
      },
      "end": {
        "line": 2,
        "column": 28
      }
    },
    "val": null,
    "buffer": null,
    "mustEscape": null,
    "mode": null,
    "args": null,
    "key": null,
    "code": null,
    "value": null,
    "name": null
  },
  {
    "type": "outdent",
    "loc": {
      "filename": "/mnt/c/Users/neilj/Workspace/pug_dart/test/lexer/cases/block-expansion.shorthands.pug",
      "start": {
        "line": 2,
        "column": 28
      },
      "end": {
        "line": 2,
        "column": 28
      }
    },
    "val": null,
    "buffer": null,
    "mustEscape": null,
    "mode": null,
    "args": null,
    "key": null,
    "code": null,
    "value": null,
    "name": null
  },
  {
    "type": "eos",
    "loc": {
      "filename": "/mnt/c/Users/neilj/Workspace/pug_dart/test/lexer/cases/block-expansion.shorthands.pug",
      "start": {
        "line": 2,
        "column": 28
      },
      "end": {
        "line": 2,
        "column": 28
      }
    },
    "val": null,
    "buffer": null,
    "mustEscape": null,
    "mode": null,
    "args": null,
    "key": null,
    "code": null,
    "value": null,
    "name": null
  }
]