[
  {
    "type": "comment",
    "loc": {
      "filename": "/mnt/c/Users/neilj/Workspace/pug_dart/test/lexer/cases/blocks-in-if.pug",
      "start": {
        "line": 1,
        "column": 1
      },
      "end": {
        "line": 1,
        "column": 49
      }
    },
    "val": " see https://github.com/pugjs/pug/issues/1589",
    "buffer": false
  },
  {
    "type": "newline",
    "loc": {
      "filename": "/mnt/c/Users/neilj/Workspace/pug_dart/test/lexer/cases/blocks-in-if.pug",
      "start": {
        "line": 3,
        "column": 1
      },
      "end": {
        "line": 3,
        "column": 1
      }
    }
  },
  {
    "type": "code",
    "loc": {
      "filename": "/mnt/c/Users/neilj/Workspace/pug_dart/test/lexer/cases/blocks-in-if.pug",
      "start": {
        "line": 3,
        "column": 1
      },
      "end": {
        "line": 3,
        "column": 17
      }
    },
    "val": "var ajax = true",
    "buffer": false,
    "mustEscape": false
  },
  {
    "type": "newline",
    "loc": {
      "filename": "/mnt/c/Users/neilj/Workspace/pug_dart/test/lexer/cases/blocks-in-if.pug",
      "start": {
        "line": 5,
        "column": 1
      },
      "end": {
        "line": 5,
        "column": 1
      }
    }
  },
  {
    "type": "code",
    "loc": {
      "filename": "/mnt/c/Users/neilj/Workspace/pug_dart/test/lexer/cases/blocks-in-if.pug",
      "start": {
        "line": 5,
        "column": 1
      },
      "end": {
        "line": 5,
        "column": 12
      }
    },
    "val": "if( ajax )",
    "buffer": false,
    "mustEscape": false
  },
  {
    "type": "indent",
    "loc": {
      "filename": "/mnt/c/Users/neilj/Workspace/pug_dart/test/lexer/cases/blocks-in-if.pug",
      "start": {
        "line": 6,
        "column": 1
      },
      "end": {
        "line": 6,
        "column": 5
      }
    },
    "val": "4"
  },
  {
    "type": "comment",
    "loc": {
      "filename": "/mnt/c/Users/neilj/Workspace/pug_dart/test/lexer/cases/blocks-in-if.pug",
      "start": {
        "line": 6,
        "column": 5
      },
      "end": {
        "line": 6,
        "column": 46
      }
    },
    "val": " return only contents if ajax requests",
    "buffer": false
  },
  {
    "type": "newline",
    "loc": {
      "filename": "/mnt/c/Users/neilj/Workspace/pug_dart/test/lexer/cases/blocks-in-if.pug",
      "start": {
        "line": 7,
        "column": 1
      },
      "end": {
        "line": 7,
        "column": 5
      }
    }
  },
  {
    "type": "block",
    "loc": {
      "filename": "/mnt/c/Users/neilj/Workspace/pug_dart/test/lexer/cases/blocks-in-if.pug",
      "start": {
        "line": 7,
        "column": 5
      },
      "end": {
        "line": 7,
        "column": 19
      }
    },
    "val": "contents",
    "mode": "replace"
  },
  {
    "type": "indent",
    "loc": {
      "filename": "/mnt/c/Users/neilj/Workspace/pug_dart/test/lexer/cases/blocks-in-if.pug",
      "start": {
        "line": 8,
        "column": 1
      },
      "end": {
        "line": 8,
        "column": 9
      }
    },
    "val": "8"
  },
  {
    "type": "tag",
    "loc": {
      "filename": "/mnt/c/Users/neilj/Workspace/pug_dart/test/lexer/cases/blocks-in-if.pug",
      "start": {
        "line": 8,
        "column": 9
      },
      "end": {
        "line": 8,
        "column": 10
      }
    },
    "val": "p"
  },
  {
    "type": "outdent",
    "loc": {
      "filename": "/mnt/c/Users/neilj/Workspace/pug_dart/test/lexer/cases/blocks-in-if.pug",
      "start": {
        "line": 10,
        "column": 1
      },
      "end": {
        "line": 10,
        "column": 1
      }
    }
  },
  {
    "type": "outdent",
    "loc": {
      "filename": "/mnt/c/Users/neilj/Workspace/pug_dart/test/lexer/cases/blocks-in-if.pug",
      "start": {
        "line": 10,
        "column": 1
      },
      "end": {
        "line": 10,
        "column": 1
      }
    }
  },
  {
    "type": "code",
    "loc": {
      "filename": "/mnt/c/Users/neilj/Workspace/pug_dart/test/lexer/cases/blocks-in-if.pug",
      "start": {
        "line": 10,
        "column": 1
      },
      "end": {
        "line": 10,
        "column": 6
      }
    },
    "val": "else",
    "buffer": false,
    "mustEscape": false
  },
  {
    "type": "indent",
    "loc": {
      "filename": "/mnt/c/Users/neilj/Workspace/pug_dart/test/lexer/cases/blocks-in-if.pug",
      "start": {
        "line": 11,
        "column": 1
      },
      "end": {
        "line": 11,
        "column": 5
      }
    },
    "val": "4"
  },
  {
    "type": "comment",
    "loc": {
      "filename": "/mnt/c/Users/neilj/Workspace/pug_dart/test/lexer/cases/blocks-in-if.pug",
      "start": {
        "line": 11,
        "column": 5
      },
      "end": {
        "line": 11,
        "column": 24
      }
    },
    "val": " return all html",
    "buffer": false
  },
  {
    "type": "newline",
    "loc": {
      "filename": "/mnt/c/Users/neilj/Workspace/pug_dart/test/lexer/cases/blocks-in-if.pug",
      "start": {
        "line": 12,
        "column": 1
      },
      "end": {
        "line": 12,
        "column": 5
      }
    }
  },
  {
    "type": "doctype",
    "loc": {
      "filename": "/mnt/c/Users/neilj/Workspace/pug_dart/test/lexer/cases/blocks-in-if.pug",
      "start": {
        "line": 12,
        "column": 5
      },
      "end": {
        "line": 12,
        "column": 17
      }
    },
    "val": "html"
  },
  {
    "type": "newline",
    "loc": {
      "filename": "/mnt/c/Users/neilj/Workspace/pug_dart/test/lexer/cases/blocks-in-if.pug",
      "start": {
        "line": 13,
        "column": 1
      },
      "end": {
        "line": 13,
        "column": 5
      }
    }
  },
  {
    "type": "tag",
    "loc": {
      "filename": "/mnt/c/Users/neilj/Workspace/pug_dart/test/lexer/cases/blocks-in-if.pug",
      "start": {
        "line": 13,
        "column": 5
      },
      "end": {
        "line": 13,
        "column": 9
      }
    },
    "val": "html"
  },
  {
    "type": "indent",
    "loc": {
      "filename": "/mnt/c/Users/neilj/Workspace/pug_dart/test/lexer/cases/blocks-in-if.pug",
      "start": {
        "line": 14,
        "column": 1
      },
      "end": {
        "line": 14,
        "column": 9
      }
    },
    "val": "8"
  },
  {
    "type": "tag",
    "loc": {
      "filename": "/mnt/c/Users/neilj/Workspace/pug_dart/test/lexer/cases/blocks-in-if.pug",
      "start": {
        "line": 14,
        "column": 9
      },
      "end": {
        "line": 14,
        "column": 13
      }
    },
    "val": "head"
  },
  {
    "type": "indent",
    "loc": {
      "filename": "/mnt/c/Users/neilj/Workspace/pug_dart/test/lexer/cases/blocks-in-if.pug",
      "start": {
        "line": 15,
        "column": 1
      },
      "end": {
        "line": 15,
        "column": 13
      }
    },
    "val": "12"
  },
  {
    "type": "tag",
    "loc": {
      "filename": "/mnt/c/Users/neilj/Workspace/pug_dart/test/lexer/cases/blocks-in-if.pug",
      "start": {
        "line": 15,
        "column": 13
      },
      "end": {
        "line": 15,
        "column": 17
      }
    },
    "val": "meta"
  },
  {
    "type": "start-attributes",
    "loc": {
      "filename": "/mnt/c/Users/neilj/Workspace/pug_dart/test/lexer/cases/blocks-in-if.pug",
      "start": {
        "line": 15,
        "column": 17
      },
      "end": {
        "line": 15,
        "column": 18
      }
    }
  },
  {
    "type": "attribute",
    "loc": {
      "filename": "/mnt/c/Users/neilj/Workspace/pug_dart/test/lexer/cases/blocks-in-if.pug",
      "start": {
        "line": 15,
        "column": 19
      },
      "end": {
        "line": 15,
        "column": 33
      }
    },
    "val": "'utf8'",
    "mustEscape": true,
    "name": "charset"
  },
  {
    "type": "end-attributes",
    "loc": {
      "filename": "/mnt/c/Users/neilj/Workspace/pug_dart/test/lexer/cases/blocks-in-if.pug",
      "start": {
        "line": 15,
        "column": 34
      },
      "end": {
        "line": 15,
        "column": 35
      }
    }
  },
  {
    "type": "newline",
    "loc": {
      "filename": "/mnt/c/Users/neilj/Workspace/pug_dart/test/lexer/cases/blocks-in-if.pug",
      "start": {
        "line": 16,
        "column": 1
      },
      "end": {
        "line": 16,
        "column": 13
      }
    }
  },
  {
    "type": "tag",
    "loc": {
      "filename": "/mnt/c/Users/neilj/Workspace/pug_dart/test/lexer/cases/blocks-in-if.pug",
      "start": {
        "line": 16,
        "column": 13
      },
      "end": {
        "line": 16,
        "column": 18
      }
    },
    "val": "title"
  },
  {
    "type": "newline",
    "loc": {
      "filename": "/mnt/c/Users/neilj/Workspace/pug_dart/test/lexer/cases/blocks-in-if.pug",
      "start": {
        "line": 17,
        "column": 1
      },
      "end": {
        "line": 17,
        "column": 13
      }
    }
  },
  {
    "type": "tag",
    "loc": {
      "filename": "/mnt/c/Users/neilj/Workspace/pug_dart/test/lexer/cases/blocks-in-if.pug",
      "start": {
        "line": 17,
        "column": 13
      },
      "end": {
        "line": 17,
        "column": 17
      }
    },
    "val": "body"
  },
  {
    "type": "indent",
    "loc": {
      "filename": "/mnt/c/Users/neilj/Workspace/pug_dart/test/lexer/cases/blocks-in-if.pug",
      "start": {
        "line": 18,
        "column": 1
      },
      "end": {
        "line": 18,
        "column": 17
      }
    },
    "val": "16"
  },
  {
    "type": "block",
    "loc": {
      "filename": "/mnt/c/Users/neilj/Workspace/pug_dart/test/lexer/cases/blocks-in-if.pug",
      "start": {
        "line": 18,
        "column": 17
      },
      "end": {
        "line": 18,
        "column": 31
      }
    },
    "val": "contents",
    "mode": "replace"
  },
  {
    "type": "indent",
    "loc": {
      "filename": "/mnt/c/Users/neilj/Workspace/pug_dart/test/lexer/cases/blocks-in-if.pug",
      "start": {
        "line": 19,
        "column": 1
      },
      "end": {
        "line": 19,
        "column": 21
      }
    },
    "val": "20"
  },
  {
    "type": "tag",
    "loc": {
      "filename": "/mnt/c/Users/neilj/Workspace/pug_dart/test/lexer/cases/blocks-in-if.pug",
      "start": {
        "line": 19,
        "column": 21
      },
      "end": {
        "line": 19,
        "column": 22
      }
    },
    "val": "p"
  },
  {
    "type": "outdent",
    "loc": {
      "filename": "/mnt/c/Users/neilj/Workspace/pug_dart/test/lexer/cases/blocks-in-if.pug",
      "start": {
        "line": 20,
        "column": 1
      },
      "end": {
        "line": 20,
        "column": 1
      }
    }
  },
  {
    "type": "outdent",
    "loc": {
      "filename": "/mnt/c/Users/neilj/Workspace/pug_dart/test/lexer/cases/blocks-in-if.pug",
      "start": {
        "line": 20,
        "column": 1
      },
      "end": {
        "line": 20,
        "column": 1
      }
    }
  },
  {
    "type": "outdent",
    "loc": {
      "filename": "/mnt/c/Users/neilj/Workspace/pug_dart/test/lexer/cases/blocks-in-if.pug",
      "start": {
        "line": 20,
        "column": 1
      },
      "end": {
        "line": 20,
        "column": 1
      }
    }
  },
  {
    "type": "outdent",
    "loc": {
      "filename": "/mnt/c/Users/neilj/Workspace/pug_dart/test/lexer/cases/blocks-in-if.pug",
      "start": {
        "line": 20,
        "column": 1
      },
      "end": {
        "line": 20,
        "column": 1
      }
    }
  },
  {
    "type": "outdent",
    "loc": {
      "filename": "/mnt/c/Users/neilj/Workspace/pug_dart/test/lexer/cases/blocks-in-if.pug",
      "start": {
        "line": 20,
        "column": 1
      },
      "end": {
        "line": 20,
        "column": 1
      }
    }
  },
  {
    "type": "outdent",
    "loc": {
      "filename": "/mnt/c/Users/neilj/Workspace/pug_dart/test/lexer/cases/blocks-in-if.pug",
      "start": {
        "line": 20,
        "column": 1
      },
      "end": {
        "line": 20,
        "column": 1
      }
    }
  },
  {
    "type": "eos",
    "loc": {
      "filename": "/mnt/c/Users/neilj/Workspace/pug_dart/test/lexer/cases/blocks-in-if.pug",
      "start": {
        "line": 20,
        "column": 1
      },
      "end": {
        "line": 20,
        "column": 1
      }
    }
  }
]