[{"type":"tag","loc":{"filename":"escape-chars.pug","start":{"line":1,"column":1},"end":{"line":1,"column":7}},"val":"script"},{"type":"dot","loc":{"filename":"escape-chars.pug","start":{"line":1,"column":7},"end":{"line":1,"column":8}}},{"type":"start-pipeless-text","loc":{"filename":"escape-chars.pug","start":{"line":1,"column":8},"end":{"line":1,"column":8}}},{"type":"end-pipeless-text","loc":{"filename":"escape-chars.pug","start":{"line":2,"column":3},"end":{"line":2,"column":3}}},{"type":"eos","loc":{"filename":"escape-chars.pug","start":{"line":2,"column":3},"end":{"line":2,"column":3}}}]