[
  {
    "type": "doctype",
    "loc": {
      "filename": "/mnt/c/Users/neilj/Workspace/pug_dart/test/lexer/cases/escape-test.pug",
      "start": {
        "line": 1,
        "column": 1
      },
      "end": {
        "line": 1,
        "column": 13
      }
    },
    "val": "html",
    "buffer": null,
    "mustEscape": null,
    "mode": null,
    "args": null,
    "key": null,
    "code": null,
    "value": null,
    "name": null
  },
  {
    "type": "newline",
    "loc": {
      "filename": "/mnt/c/Users/neilj/Workspace/pug_dart/test/lexer/cases/escape-test.pug",
      "start": {
        "line": 2,
        "column": 1
      },
      "end": {
        "line": 2,
        "column": 1
      }
    },
    "val": null,
    "buffer": null,
    "mustEscape": null,
    "mode": null,
    "args": null,
    "key": null,
    "code": null,
    "value": null,
    "name": null
  },
  {
    "type": "tag",
    "loc": {
      "filename": "/mnt/c/Users/neilj/Workspace/pug_dart/test/lexer/cases/escape-test.pug",
      "start": {
        "line": 2,
        "column": 1
      },
      "end": {
        "line": 2,
        "column": 5
      }
    },
    "val": "html",
    "buffer": null,
    "mustEscape": null,
    "mode": null,
    "args": null,
    "key": null,
    "code": null,
    "value": null,
    "name": null
  },
  {
    "type": "indent",
    "loc": {
      "filename": "/mnt/c/Users/neilj/Workspace/pug_dart/test/lexer/cases/escape-test.pug",
      "start": {
        "line": 3,
        "column": 1
      },
      "end": {
        "line": 3,
        "column": 5
      }
    },
    "val": "4",
    "buffer": null,
    "mustEscape": null,
    "mode": null,
    "args": null,
    "key": null,
    "code": null,
    "value": null,
    "name": null
  },
  {
    "type": "tag",
    "loc": {
      "filename": "/mnt/c/Users/neilj/Workspace/pug_dart/test/lexer/cases/escape-test.pug",
      "start": {
        "line": 3,
        "column": 5
      },
      "end": {
        "line": 3,
        "column": 9
      }
    },
    "val": "head",
    "buffer": null,
    "mustEscape": null,
    "mode": null,
    "args": null,
    "key": null,
    "code": null,
    "value": null,
    "name": null
  },
  {
    "type": "indent",
    "loc": {
      "filename": "/mnt/c/Users/neilj/Workspace/pug_dart/test/lexer/cases/escape-test.pug",
      "start": {
        "line": 4,
        "column": 1
      },
      "end": {
        "line": 4,
        "column": 9
      }
    },
    "val": "8",
    "buffer": null,
    "mustEscape": null,
    "mode": null,
    "args": null,
    "key": null,
    "code": null,
    "value": null,
    "name": null
  },
  {
    "type": "tag",
    "loc": {
      "filename": "/mnt/c/Users/neilj/Workspace/pug_dart/test/lexer/cases/escape-test.pug",
      "start": {
        "line": 4,
        "column": 9
      },
      "end": {
        "line": 4,
        "column": 14
      }
    },
    "val": "title",
    "buffer": null,
    "mustEscape": null,
    "mode": null,
    "args": null,
    "key": null,
    "code": null,
    "value": null,
    "name": null
  },
  {
    "type": "outdent",
    "loc": {
      "filename": "/mnt/c/Users/neilj/Workspace/pug_dart/test/lexer/cases/escape-test.pug",
      "start": {
        "line": 5,
        "column": 1
      },
      "end": {
        "line": 5,
        "column": 5
      }
    },
    "val": null,
    "buffer": null,
    "mustEscape": null,
    "mode": null,
    "args": null,
    "key": null,
    "code": null,
    "value": null,
    "name": null
  },
  {
    "type": "tag",
    "loc": {
      "filename": "/mnt/c/Users/neilj/Workspace/pug_dart/test/lexer/cases/escape-test.pug",
      "start": {
        "line": 5,
        "column": 5
      },
      "end": {
        "line": 5,
        "column": 9
      }
    },
    "val": "body",
    "buffer": null,
    "mustEscape": null,
    "mode": null,
    "args": null,
    "key": null,
    "code": null,
    "value": null,
    "name": null
  },
  {
    "type": "indent",
    "loc": {
      "filename": "/mnt/c/Users/neilj/Workspace/pug_dart/test/lexer/cases/escape-test.pug",
      "start": {
        "line": 6,
        "column": 1
      },
      "end": {
        "line": 6,
        "column": 9
      }
    },
    "val": "8",
    "buffer": null,
    "mustEscape": null,
    "mode": null,
    "args": null,
    "key": null,
    "code": null,
    "value": null,
    "name": null
  },
  {
    "type": "tag",
    "loc": {
      "filename": "/mnt/c/Users/neilj/Workspace/pug_dart/test/lexer/cases/escape-test.pug",
      "start": {
        "line": 6,
        "column": 9
      },
      "end": {
        "line": 6,
        "column": 17
      }
    },
    "val": "textarea",
    "buffer": null,
    "mustEscape": null,
    "mode": null,
    "args": null,
    "key": null,
    "code": null,
    "value": null,
    "name": null
  },
  {
    "type": "indent",
    "loc": {
      "filename": "/mnt/c/Users/neilj/Workspace/pug_dart/test/lexer/cases/escape-test.pug",
      "start": {
        "line": 7,
        "column": 1
      },
      "end": {
        "line": 7,
        "column": 13
      }
    },
    "val": "12",
    "buffer": null,
    "mustEscape": null,
    "mode": null,
    "args": null,
    "key": null,
    "code": null,
    "value": null,
    "name": null
  },
  {
    "type": "code",
    "loc": {
      "filename": "/mnt/c/Users/neilj/Workspace/pug_dart/test/lexer/cases/escape-test.pug",
      "start": {
        "line": 7,
        "column": 13
      },
      "end": {
        "line": 7,
        "column": 108
      }
    },
    "val": "var txt = '<param name=\"flashvars\" value=\"a=&quot;value_a&quot;&b=&quot;value_b&quot;&c=3\"/>'",
    "buffer": false,
    "mustEscape": false,
    "mode": null,
    "args": null,
    "key": null,
    "code": null,
    "value": null,
    "name": null
  },
  {
    "type": "newline",
    "loc": {
      "filename": "/mnt/c/Users/neilj/Workspace/pug_dart/test/lexer/cases/escape-test.pug",
      "start": {
        "line": 8,
        "column": 1
      },
      "end": {
        "line": 8,
        "column": 13
      }
    },
    "val": null,
    "buffer": null,
    "mustEscape": null,
    "mode": null,
    "args": null,
    "key": null,
    "code": null,
    "value": null,
    "name": null
  },
  {
    "type": "outdent",
    "loc": {
      "filename": "/mnt/c/Users/neilj/Workspace/pug_dart/test/lexer/cases/escape-test.pug",
      "start": {
        "line": 9,
        "column": 1
      },
      "end": {
        "line": 9,
        "column": 1
      }
    },
    "val": null,
    "buffer": null,
    "mustEscape": null,
    "mode": null,
    "args": null,
    "key": null,
    "code": null,
    "value": null,
    "name": null
  },
  {
    "type": "outdent",
    "loc": {
      "filename": "/mnt/c/Users/neilj/Workspace/pug_dart/test/lexer/cases/escape-test.pug",
      "start": {
        "line": 9,
        "column": 1
      },
      "end": {
        "line": 9,
        "column": 1
      }
    },
    "val": null,
    "buffer": null,
    "mustEscape": null,
    "mode": null,
    "args": null,
    "key": null,
    "code": null,
    "value": null,
    "name": null
  },
  {
    "type": "outdent",
    "loc": {
      "filename": "/mnt/c/Users/neilj/Workspace/pug_dart/test/lexer/cases/escape-test.pug",
      "start": {
        "line": 9,
        "column": 1
      },
      "end": {
        "line": 9,
        "column": 1
      }
    },
    "val": null,
    "buffer": null,
    "mustEscape": null,
    "mode": null,
    "args": null,
    "key": null,
    "code": null,
    "value": null,
    "name": null
  },
  {
    "type": "outdent",
    "loc": {
      "filename": "/mnt/c/Users/neilj/Workspace/pug_dart/test/lexer/cases/escape-test.pug",
      "start": {
        "line": 9,
        "column": 1
      },
      "end": {
        "line": 9,
        "column": 1
      }
    },
    "val": null,
    "buffer": null,
    "mustEscape": null,
    "mode": null,
    "args": null,
    "key": null,
    "code": null,
    "value": null,
    "name": null
  },
  {
    "type": "eos",
    "loc": {
      "filename": "/mnt/c/Users/neilj/Workspace/pug_dart/test/lexer/cases/escape-test.pug",
      "start": {
        "line": 9,
        "column": 1
      },
      "end": {
        "line": 9,
        "column": 1
      }
    },
    "val": null,
    "buffer": null,
    "mustEscape": null,
    "mode": null,
    "args": null,
    "key": null,
    "code": null,
    "value": null,
    "name": null
  }
]