[
  {
    "type": "doctype",
    "loc": {
      "filename": "/mnt/c/Users/neilj/Workspace/pug_dart/test/lexer/cases/escape-test.pug",
      "start": {
        "line": 1,
        "column": 1
      },
      "end": {
        "line": 1,
        "column": 13
      }
    },
    "val": "html"
  },
  {
    "type": "newline",
    "loc": {
      "filename": "/mnt/c/Users/neilj/Workspace/pug_dart/test/lexer/cases/escape-test.pug",
      "start": {
        "line": 2,
        "column": 1
      },
      "end": {
        "line": 2,
        "column": 1
      }
    }
  },
  {
    "type": "tag",
    "loc": {
      "filename": "/mnt/c/Users/neilj/Workspace/pug_dart/test/lexer/cases/escape-test.pug",
      "start": {
        "line": 2,
        "column": 1
      },
      "end": {
        "line": 2,
        "column": 5
      }
    },
    "val": "html"
  },
  {
    "type": "indent",
    "loc": {
      "filename": "/mnt/c/Users/neilj/Workspace/pug_dart/test/lexer/cases/escape-test.pug",
      "start": {
        "line": 3,
        "column": 1
      },
      "end": {
        "line": 3,
        "column": 5
      }
    },
    "val": "4"
  },
  {
    "type": "tag",
    "loc": {
      "filename": "/mnt/c/Users/neilj/Workspace/pug_dart/test/lexer/cases/escape-test.pug",
      "start": {
        "line": 3,
        "column": 5
      },
      "end": {
        "line": 3,
        "column": 9
      }
    },
    "val": "head"
  },
  {
    "type": "indent",
    "loc": {
      "filename": "/mnt/c/Users/neilj/Workspace/pug_dart/test/lexer/cases/escape-test.pug",
      "start": {
        "line": 4,
        "column": 1
      },
      "end": {
        "line": 4,
        "column": 9
      }
    },
    "val": "8"
  },
  {
    "type": "tag",
    "loc": {
      "filename": "/mnt/c/Users/neilj/Workspace/pug_dart/test/lexer/cases/escape-test.pug",
      "start": {
        "line": 4,
        "column": 9
      },
      "end": {
        "line": 4,
        "column": 14
      }
    },
    "val": "title"
  },
  {
    "type": "outdent",
    "loc": {
      "filename": "/mnt/c/Users/neilj/Workspace/pug_dart/test/lexer/cases/escape-test.pug",
      "start": {
        "line": 5,
        "column": 1
      },
      "end": {
        "line": 5,
        "column": 5
      }
    }
  },
  {
    "type": "tag",
    "loc": {
      "filename": "/mnt/c/Users/neilj/Workspace/pug_dart/test/lexer/cases/escape-test.pug",
      "start": {
        "line": 5,
        "column": 5
      },
      "end": {
        "line": 5,
        "column": 9
      }
    },
    "val": "body"
  },
  {
    "type": "indent",
    "loc": {
      "filename": "/mnt/c/Users/neilj/Workspace/pug_dart/test/lexer/cases/escape-test.pug",
      "start": {
        "line": 6,
        "column": 1
      },
      "end": {
        "line": 6,
        "column": 9
      }
    },
    "val": "8"
  },
  {
    "type": "tag",
    "loc": {
      "filename": "/mnt/c/Users/neilj/Workspace/pug_dart/test/lexer/cases/escape-test.pug",
      "start": {
        "line": 6,
        "column": 9
      },
      "end": {
        "line": 6,
        "column": 17
      }
    },
    "val": "textarea"
  },
  {
    "type": "indent",
    "loc": {
      "filename": "/mnt/c/Users/neilj/Workspace/pug_dart/test/lexer/cases/escape-test.pug",
      "start": {
        "line": 7,
        "column": 1
      },
      "end": {
        "line": 7,
        "column": 13
      }
    },
    "val": "12"
  },
  {
    "type": "code",
    "loc": {
      "filename": "/mnt/c/Users/neilj/Workspace/pug_dart/test/lexer/cases/escape-test.pug",
      "start": {
        "line": 7,
        "column": 13
      },
      "end": {
        "line": 7,
        "column": 108
      }
    },
    "val": "var txt = '<param name=\"flashvars\" value=\"a=&quot;value_a&quot;&b=&quot;value_b&quot;&c=3\"/>'",
    "buffer": false,
    "mustEscape": false
  },
  {
    "type": "newline",
    "loc": {
      "filename": "/mnt/c/Users/neilj/Workspace/pug_dart/test/lexer/cases/escape-test.pug",
      "start": {
        "line": 8,
        "column": 1
      },
      "end": {
        "line": 8,
        "column": 13
      }
    }
  },
  {
    "type": "outdent",
    "loc": {
      "filename": "/mnt/c/Users/neilj/Workspace/pug_dart/test/lexer/cases/escape-test.pug",
      "start": {
        "line": 9,
        "column": 1
      },
      "end": {
        "line": 9,
        "column": 1
      }
    }
  },
  {
    "type": "outdent",
    "loc": {
      "filename": "/mnt/c/Users/neilj/Workspace/pug_dart/test/lexer/cases/escape-test.pug",
      "start": {
        "line": 9,
        "column": 1
      },
      "end": {
        "line": 9,
        "column": 1
      }
    }
  },
  {
    "type": "outdent",
    "loc": {
      "filename": "/mnt/c/Users/neilj/Workspace/pug_dart/test/lexer/cases/escape-test.pug",
      "start": {
        "line": 9,
        "column": 1
      },
      "end": {
        "line": 9,
        "column": 1
      }
    }
  },
  {
    "type": "outdent",
    "loc": {
      "filename": "/mnt/c/Users/neilj/Workspace/pug_dart/test/lexer/cases/escape-test.pug",
      "start": {
        "line": 9,
        "column": 1
      },
      "end": {
        "line": 9,
        "column": 1
      }
    }
  },
  {
    "type": "eos",
    "loc": {
      "filename": "/mnt/c/Users/neilj/Workspace/pug_dart/test/lexer/cases/escape-test.pug",
      "start": {
        "line": 9,
        "column": 1
      },
      "end": {
        "line": 9,
        "column": 1
      }
    }
  }
]