[
  {
    "type": "doctype",
    "loc": {
      "filename": "/mnt/c/Users/neilj/Workspace/pug_dart/test/lexer/cases/html5.pug",
      "start": {
        "line": 1,
        "column": 1
      },
      "end": {
        "line": 1,
        "column": 13
      }
    },
    "val": "html"
  },
  {
    "type": "newline",
    "loc": {
      "filename": "/mnt/c/Users/neilj/Workspace/pug_dart/test/lexer/cases/html5.pug",
      "start": {
        "line": 2,
        "column": 1
      },
      "end": {
        "line": 2,
        "column": 1
      }
    }
  },
  {
    "type": "tag",
    "loc": {
      "filename": "/mnt/c/Users/neilj/Workspace/pug_dart/test/lexer/cases/html5.pug",
      "start": {
        "line": 2,
        "column": 1
      },
      "end": {
        "line": 2,
        "column": 6
      }
    },
    "val": "input"
  },
  {
    "type": "start-attributes",
    "loc": {
      "filename": "/mnt/c/Users/neilj/Workspace/pug_dart/test/lexer/cases/html5.pug",
      "start": {
        "line": 2,
        "column": 6
      },
      "end": {
        "line": 2,
        "column": 7
      }
    }
  },
  {
    "type": "attribute",
    "loc": {
      "filename": "/mnt/c/Users/neilj/Workspace/pug_dart/test/lexer/cases/html5.pug",
      "start": {
        "line": 2,
        "column": 7
      },
      "end": {
        "line": 2,
        "column": 22
      }
    },
    "val": "'checkbox'",
    "mustEscape": true,
    "name": "type"
  },
  {
    "type": "attribute",
    "loc": {
      "filename": "/mnt/c/Users/neilj/Workspace/pug_dart/test/lexer/cases/html5.pug",
      "start": {
        "line": 2,
        "column": 24
      },
      "end": {
        "line": 2,
        "column": 31
      }
    },
    "val": true,
    "mustEscape": true,
    "name": "checked"
  },
  {
    "type": "end-attributes",
    "loc": {
      "filename": "/mnt/c/Users/neilj/Workspace/pug_dart/test/lexer/cases/html5.pug",
      "start": {
        "line": 2,
        "column": 31
      },
      "end": {
        "line": 2,
        "column": 32
      }
    }
  },
  {
    "type": "newline",
    "loc": {
      "filename": "/mnt/c/Users/neilj/Workspace/pug_dart/test/lexer/cases/html5.pug",
      "start": {
        "line": 3,
        "column": 1
      },
      "end": {
        "line": 3,
        "column": 1
      }
    }
  },
  {
    "type": "tag",
    "loc": {
      "filename": "/mnt/c/Users/neilj/Workspace/pug_dart/test/lexer/cases/html5.pug",
      "start": {
        "line": 3,
        "column": 1
      },
      "end": {
        "line": 3,
        "column": 6
      }
    },
    "val": "input"
  },
  {
    "type": "start-attributes",
    "loc": {
      "filename": "/mnt/c/Users/neilj/Workspace/pug_dart/test/lexer/cases/html5.pug",
      "start": {
        "line": 3,
        "column": 6
      },
      "end": {
        "line": 3,
        "column": 7
      }
    }
  },
  {
    "type": "attribute",
    "loc": {
      "filename": "/mnt/c/Users/neilj/Workspace/pug_dart/test/lexer/cases/html5.pug",
      "start": {
        "line": 3,
        "column": 7
      },
      "end": {
        "line": 3,
        "column": 22
      }
    },
    "val": "'checkbox'",
    "mustEscape": true,
    "name": "type"
  },
  {
    "type": "attribute",
    "loc": {
      "filename": "/mnt/c/Users/neilj/Workspace/pug_dart/test/lexer/cases/html5.pug",
      "start": {
        "line": 3,
        "column": 24
      },
      "end": {
        "line": 3,
        "column": 36
      }
    },
    "val": "true",
    "mustEscape": true,
    "name": "checked"
  },
  {
    "type": "end-attributes",
    "loc": {
      "filename": "/mnt/c/Users/neilj/Workspace/pug_dart/test/lexer/cases/html5.pug",
      "start": {
        "line": 3,
        "column": 36
      },
      "end": {
        "line": 3,
        "column": 37
      }
    }
  },
  {
    "type": "newline",
    "loc": {
      "filename": "/mnt/c/Users/neilj/Workspace/pug_dart/test/lexer/cases/html5.pug",
      "start": {
        "line": 4,
        "column": 1
      },
      "end": {
        "line": 4,
        "column": 1
      }
    }
  },
  {
    "type": "tag",
    "loc": {
      "filename": "/mnt/c/Users/neilj/Workspace/pug_dart/test/lexer/cases/html5.pug",
      "start": {
        "line": 4,
        "column": 1
      },
      "end": {
        "line": 4,
        "column": 6
      }
    },
    "val": "input"
  },
  {
    "type": "start-attributes",
    "loc": {
      "filename": "/mnt/c/Users/neilj/Workspace/pug_dart/test/lexer/cases/html5.pug",
      "start": {
        "line": 4,
        "column": 6
      },
      "end": {
        "line": 4,
        "column": 7
      }
    }
  },
  {
    "type": "attribute",
    "loc": {
      "filename": "/mnt/c/Users/neilj/Workspace/pug_dart/test/lexer/cases/html5.pug",
      "start": {
        "line": 4,
        "column": 7
      },
      "end": {
        "line": 4,
        "column": 22
      }
    },
    "val": "'checkbox'",
    "mustEscape": true,
    "name": "type"
  },
  {
    "type": "attribute",
    "loc": {
      "filename": "/mnt/c/Users/neilj/Workspace/pug_dart/test/lexer/cases/html5.pug",
      "start": {
        "line": 4,
        "column": 24
      },
      "end": {
        "line": 4,
        "column": 37
      }
    },
    "val": "false",
    "mustEscape": true,
    "name": "checked"
  },
  {
    "type": "end-attributes",
    "loc": {
      "filename": "/mnt/c/Users/neilj/Workspace/pug_dart/test/lexer/cases/html5.pug",
      "start": {
        "line": 4,
        "column": 37
      },
      "end": {
        "line": 4,
        "column": 38
      }
    }
  },
  {
    "type": "eos",
    "loc": {
      "filename": "/mnt/c/Users/neilj/Workspace/pug_dart/test/lexer/cases/html5.pug",
      "start": {
        "line": 4,
        "column": 38
      },
      "end": {
        "line": 4,
        "column": 38
      }
    }
  }
]