[{"type":"include","loc":{"filename":"include-extends-relative.pug","start":{"line":1,"column":1},"end":{"line":1,"column":8}}},{"type":"path","loc":{"filename":"include-extends-relative.pug","start":{"line":1,"column":9},"end":{"line":1,"column":48}},"val":"../cases/auxiliary/extends-relative.pug"},{"type":"newline","loc":{"filename":"include-extends-relative.pug","start":{"line":2,"column":1},"end":{"line":2,"column":1}}},{"type":"eos","loc":{"filename":"include-extends-relative.pug","start":{"line":2,"column":1},"end":{"line":2,"column":1}}}]