[
  {
    "type": "newline",
    "loc": {
      "filename": "/mnt/c/Users/neilj/Workspace/pug_dart/test/lexer/cases/inheritance.pug",
      "start": {
        "line": 2,
        "column": 1
      },
      "end": {
        "line": 2,
        "column": 1
      }
    },
    "val": null,
    "buffer": null,
    "mustEscape": null,
    "mode": null,
    "args": null,
    "key": null,
    "code": null,
    "value": null,
    "name": null
  },
  {
    "type": "extends",
    "loc": {
      "filename": "/mnt/c/Users/neilj/Workspace/pug_dart/test/lexer/cases/inheritance.pug",
      "start": {
        "line": 2,
        "column": 1
      },
      "end": {
        "line": 2,
        "column": 8
      }
    },
    "val": null,
    "buffer": null,
    "mustEscape": null,
    "mode": null,
    "args": null,
    "key": null,
    "code": null,
    "value": null,
    "name": null
  },
  {
    "type": "path",
    "loc": {
      "filename": "/mnt/c/Users/neilj/Workspace/pug_dart/test/lexer/cases/inheritance.pug",
      "start": {
        "line": 2,
        "column": 9
      },
      "end": {
        "line": 2,
        "column": 29
      }
    },
    "val": "auxiliary/layout.pug",
    "buffer": null,
    "mustEscape": null,
    "mode": null,
    "args": null,
    "key": null,
    "code": null,
    "value": null,
    "name": null
  },
  {
    "type": "newline",
    "loc": {
      "filename": "/mnt/c/Users/neilj/Workspace/pug_dart/test/lexer/cases/inheritance.pug",
      "start": {
        "line": 4,
        "column": 1
      },
      "end": {
        "line": 4,
        "column": 1
      }
    },
    "val": null,
    "buffer": null,
    "mustEscape": null,
    "mode": null,
    "args": null,
    "key": null,
    "code": null,
    "value": null,
    "name": null
  },
  {
    "type": "block",
    "loc": {
      "filename": "/mnt/c/Users/neilj/Workspace/pug_dart/test/lexer/cases/inheritance.pug",
      "start": {
        "line": 4,
        "column": 1
      },
      "end": {
        "line": 4,
        "column": 11
      }
    },
    "val": "head",
    "buffer": null,
    "mustEscape": null,
    "mode": "replace",
    "args": null,
    "key": null,
    "code": null,
    "value": null,
    "name": null
  },
  {
    "type": "indent",
    "loc": {
      "filename": "/mnt/c/Users/neilj/Workspace/pug_dart/test/lexer/cases/inheritance.pug",
      "start": {
        "line": 5,
        "column": 1
      },
      "end": {
        "line": 5,
        "column": 3
      }
    },
    "val": "2",
    "buffer": null,
    "mustEscape": null,
    "mode": null,
    "args": null,
    "key": null,
    "code": null,
    "value": null,
    "name": null
  },
  {
    "type": "tag",
    "loc": {
      "filename": "/mnt/c/Users/neilj/Workspace/pug_dart/test/lexer/cases/inheritance.pug",
      "start": {
        "line": 5,
        "column": 3
      },
      "end": {
        "line": 5,
        "column": 9
      }
    },
    "val": "script",
    "buffer": null,
    "mustEscape": null,
    "mode": null,
    "args": null,
    "key": null,
    "code": null,
    "value": null,
    "name": null
  },
  {
    "type": "start-attributes",
    "loc": {
      "filename": "/mnt/c/Users/neilj/Workspace/pug_dart/test/lexer/cases/inheritance.pug",
      "start": {
        "line": 5,
        "column": 9
      },
      "end": {
        "line": 5,
        "column": 10
      }
    },
    "val": null,
    "buffer": null,
    "mustEscape": null,
    "mode": null,
    "args": null,
    "key": null,
    "code": null,
    "value": null,
    "name": null
  },
  {
    "type": "attribute",
    "loc": {
      "filename": "/mnt/c/Users/neilj/Workspace/pug_dart/test/lexer/cases/inheritance.pug",
      "start": {
        "line": 5,
        "column": 10
      },
      "end": {
        "line": 5,
        "column": 25
      }
    },
    "val": "'jquery.js'",
    "buffer": null,
    "mustEscape": true,
    "mode": null,
    "args": null,
    "key": null,
    "code": null,
    "value": null,
    "name": "src"
  },
  {
    "type": "end-attributes",
    "loc": {
      "filename": "/mnt/c/Users/neilj/Workspace/pug_dart/test/lexer/cases/inheritance.pug",
      "start": {
        "line": 5,
        "column": 25
      },
      "end": {
        "line": 5,
        "column": 26
      }
    },
    "val": null,
    "buffer": null,
    "mustEscape": null,
    "mode": null,
    "args": null,
    "key": null,
    "code": null,
    "value": null,
    "name": null
  },
  {
    "type": "outdent",
    "loc": {
      "filename": "/mnt/c/Users/neilj/Workspace/pug_dart/test/lexer/cases/inheritance.pug",
      "start": {
        "line": 7,
        "column": 1
      },
      "end": {
        "line": 7,
        "column": 1
      }
    },
    "val": null,
    "buffer": null,
    "mustEscape": null,
    "mode": null,
    "args": null,
    "key": null,
    "code": null,
    "value": null,
    "name": null
  },
  {
    "type": "block",
    "loc": {
      "filename": "/mnt/c/Users/neilj/Workspace/pug_dart/test/lexer/cases/inheritance.pug",
      "start": {
        "line": 7,
        "column": 1
      },
      "end": {
        "line": 7,
        "column": 14
      }
    },
    "val": "content",
    "buffer": null,
    "mustEscape": null,
    "mode": "replace",
    "args": null,
    "key": null,
    "code": null,
    "value": null,
    "name": null
  },
  {
    "type": "indent",
    "loc": {
      "filename": "/mnt/c/Users/neilj/Workspace/pug_dart/test/lexer/cases/inheritance.pug",
      "start": {
        "line": 8,
        "column": 1
      },
      "end": {
        "line": 8,
        "column": 3
      }
    },
    "val": "2",
    "buffer": null,
    "mustEscape": null,
    "mode": null,
    "args": null,
    "key": null,
    "code": null,
    "value": null,
    "name": null
  },
  {
    "type": "tag",
    "loc": {
      "filename": "/mnt/c/Users/neilj/Workspace/pug_dart/test/lexer/cases/inheritance.pug",
      "start": {
        "line": 8,
        "column": 3
      },
      "end": {
        "line": 8,
        "column": 5
      }
    },
    "val": "h2",
    "buffer": null,
    "mustEscape": null,
    "mode": null,
    "args": null,
    "key": null,
    "code": null,
    "value": null,
    "name": null
  },
  {
    "type": "newline",
    "loc": {
      "filename": "/mnt/c/Users/neilj/Workspace/pug_dart/test/lexer/cases/inheritance.pug",
      "start": {
        "line": 9,
        "column": 1
      },
      "end": {
        "line": 9,
        "column": 3
      }
    },
    "val": null,
    "buffer": null,
    "mustEscape": null,
    "mode": null,
    "args": null,
    "key": null,
    "code": null,
    "value": null,
    "name": null
  },
  {
    "type": "tag",
    "loc": {
      "filename": "/mnt/c/Users/neilj/Workspace/pug_dart/test/lexer/cases/inheritance.pug",
      "start": {
        "line": 9,
        "column": 3
      },
      "end": {
        "line": 9,
        "column": 4
      }
    },
    "val": "p",
    "buffer": null,
    "mustEscape": null,
    "mode": null,
    "args": null,
    "key": null,
    "code": null,
    "value": null,
    "name": null
  },
  {
    "type": "outdent",
    "loc": {
      "filename": "/mnt/c/Users/neilj/Workspace/pug_dart/test/lexer/cases/inheritance.pug",
      "start": {
        "line": 10,
        "column": 1
      },
      "end": {
        "line": 10,
        "column": 1
      }
    },
    "val": null,
    "buffer": null,
    "mustEscape": null,
    "mode": null,
    "args": null,
    "key": null,
    "code": null,
    "value": null,
    "name": null
  },
  {
    "type": "outdent",
    "loc": {
      "filename": "/mnt/c/Users/neilj/Workspace/pug_dart/test/lexer/cases/inheritance.pug",
      "start": {
        "line": 10,
        "column": 1
      },
      "end": {
        "line": 10,
        "column": 1
      }
    },
    "val": null,
    "buffer": null,
    "mustEscape": null,
    "mode": null,
    "args": null,
    "key": null,
    "code": null,
    "value": null,
    "name": null
  },
  {
    "type": "eos",
    "loc": {
      "filename": "/mnt/c/Users/neilj/Workspace/pug_dart/test/lexer/cases/inheritance.pug",
      "start": {
        "line": 10,
        "column": 1
      },
      "end": {
        "line": 10,
        "column": 1
      }
    },
    "val": null,
    "buffer": null,
    "mustEscape": null,
    "mode": null,
    "args": null,
    "key": null,
    "code": null,
    "value": null,
    "name": null
  }
]