[
  {
    "type": "newline",
    "loc": {
      "filename": "/mnt/c/Users/neilj/Workspace/pug_dart/test/lexer/cases/mixin-hoist.pug",
      "start": {
        "line": 2,
        "column": 1
      },
      "end": {
        "line": 2,
        "column": 1
      }
    },
    "val": null,
    "buffer": null,
    "mustEscape": null,
    "mode": null,
    "args": null,
    "key": null,
    "code": null,
    "value": null,
    "name": null
  },
  {
    "type": "mixin",
    "loc": {
      "filename": "/mnt/c/Users/neilj/Workspace/pug_dart/test/lexer/cases/mixin-hoist.pug",
      "start": {
        "line": 2,
        "column": 1
      },
      "end": {
        "line": 2,
        "column": 12
      }
    },
    "val": "foo",
    "buffer": null,
    "mustEscape": null,
    "mode": null,
    "args": "",
    "key": null,
    "code": null,
    "value": null,
    "name": null
  },
  {
    "type": "indent",
    "loc": {
      "filename": "/mnt/c/Users/neilj/Workspace/pug_dart/test/lexer/cases/mixin-hoist.pug",
      "start": {
        "line": 3,
        "column": 1
      },
      "end": {
        "line": 3,
        "column": 3
      }
    },
    "val": "2",
    "buffer": null,
    "mustEscape": null,
    "mode": null,
    "args": null,
    "key": null,
    "code": null,
    "value": null,
    "name": null
  },
  {
    "type": "tag",
    "loc": {
      "filename": "/mnt/c/Users/neilj/Workspace/pug_dart/test/lexer/cases/mixin-hoist.pug",
      "start": {
        "line": 3,
        "column": 3
      },
      "end": {
        "line": 3,
        "column": 5
      }
    },
    "val": "h1",
    "buffer": null,
    "mustEscape": null,
    "mode": null,
    "args": null,
    "key": null,
    "code": null,
    "value": null,
    "name": null
  },
  {
    "type": "code",
    "loc": {
      "filename": "/mnt/c/Users/neilj/Workspace/pug_dart/test/lexer/cases/mixin-hoist.pug",
      "start": {
        "line": 3,
        "column": 5
      },
      "end": {
        "line": 3,
        "column": 12
      }
    },
    "val": "title",
    "buffer": true,
    "mustEscape": true,
    "mode": null,
    "args": null,
    "key": null,
    "code": null,
    "value": null,
    "name": null
  },
  {
    "type": "outdent",
    "loc": {
      "filename": "/mnt/c/Users/neilj/Workspace/pug_dart/test/lexer/cases/mixin-hoist.pug",
      "start": {
        "line": 5,
        "column": 1
      },
      "end": {
        "line": 5,
        "column": 1
      }
    },
    "val": null,
    "buffer": null,
    "mustEscape": null,
    "mode": null,
    "args": null,
    "key": null,
    "code": null,
    "value": null,
    "name": null
  },
  {
    "type": "tag",
    "loc": {
      "filename": "/mnt/c/Users/neilj/Workspace/pug_dart/test/lexer/cases/mixin-hoist.pug",
      "start": {
        "line": 5,
        "column": 1
      },
      "end": {
        "line": 5,
        "column": 5
      }
    },
    "val": "html",
    "buffer": null,
    "mustEscape": null,
    "mode": null,
    "args": null,
    "key": null,
    "code": null,
    "value": null,
    "name": null
  },
  {
    "type": "indent",
    "loc": {
      "filename": "/mnt/c/Users/neilj/Workspace/pug_dart/test/lexer/cases/mixin-hoist.pug",
      "start": {
        "line": 6,
        "column": 1
      },
      "end": {
        "line": 6,
        "column": 3
      }
    },
    "val": "2",
    "buffer": null,
    "mustEscape": null,
    "mode": null,
    "args": null,
    "key": null,
    "code": null,
    "value": null,
    "name": null
  },
  {
    "type": "tag",
    "loc": {
      "filename": "/mnt/c/Users/neilj/Workspace/pug_dart/test/lexer/cases/mixin-hoist.pug",
      "start": {
        "line": 6,
        "column": 3
      },
      "end": {
        "line": 6,
        "column": 7
      }
    },
    "val": "body",
    "buffer": null,
    "mustEscape": null,
    "mode": null,
    "args": null,
    "key": null,
    "code": null,
    "value": null,
    "name": null
  },
  {
    "type": "indent",
    "loc": {
      "filename": "/mnt/c/Users/neilj/Workspace/pug_dart/test/lexer/cases/mixin-hoist.pug",
      "start": {
        "line": 7,
        "column": 1
      },
      "end": {
        "line": 7,
        "column": 5
      }
    },
    "val": "4",
    "buffer": null,
    "mustEscape": null,
    "mode": null,
    "args": null,
    "key": null,
    "code": null,
    "value": null,
    "name": null
  },
  {
    "type": "call",
    "loc": {
      "filename": "/mnt/c/Users/neilj/Workspace/pug_dart/test/lexer/cases/mixin-hoist.pug",
      "start": {
        "line": 7,
        "column": 5
      },
      "end": {
        "line": 7,
        "column": 9
      }
    },
    "val": "foo",
    "buffer": null,
    "mustEscape": null,
    "mode": null,
    "args": null,
    "key": null,
    "code": null,
    "value": null,
    "name": null
  },
  {
    "type": "outdent",
    "loc": {
      "filename": "/mnt/c/Users/neilj/Workspace/pug_dart/test/lexer/cases/mixin-hoist.pug",
      "start": {
        "line": 8,
        "column": 1
      },
      "end": {
        "line": 8,
        "column": 1
      }
    },
    "val": null,
    "buffer": null,
    "mustEscape": null,
    "mode": null,
    "args": null,
    "key": null,
    "code": null,
    "value": null,
    "name": null
  },
  {
    "type": "outdent",
    "loc": {
      "filename": "/mnt/c/Users/neilj/Workspace/pug_dart/test/lexer/cases/mixin-hoist.pug",
      "start": {
        "line": 8,
        "column": 1
      },
      "end": {
        "line": 8,
        "column": 1
      }
    },
    "val": null,
    "buffer": null,
    "mustEscape": null,
    "mode": null,
    "args": null,
    "key": null,
    "code": null,
    "value": null,
    "name": null
  },
  {
    "type": "outdent",
    "loc": {
      "filename": "/mnt/c/Users/neilj/Workspace/pug_dart/test/lexer/cases/mixin-hoist.pug",
      "start": {
        "line": 8,
        "column": 1
      },
      "end": {
        "line": 8,
        "column": 1
      }
    },
    "val": null,
    "buffer": null,
    "mustEscape": null,
    "mode": null,
    "args": null,
    "key": null,
    "code": null,
    "value": null,
    "name": null
  },
  {
    "type": "eos",
    "loc": {
      "filename": "/mnt/c/Users/neilj/Workspace/pug_dart/test/lexer/cases/mixin-hoist.pug",
      "start": {
        "line": 8,
        "column": 1
      },
      "end": {
        "line": 8,
        "column": 1
      }
    },
    "val": null,
    "buffer": null,
    "mustEscape": null,
    "mode": null,
    "args": null,
    "key": null,
    "code": null,
    "value": null,
    "name": null
  }
]