[
  {
    "type": "tag",
    "loc": {
      "filename": "/mnt/c/Users/neilj/Workspace/pug_dart/test/lexer/cases/yield.pug",
      "start": {
        "line": 1,
        "column": 1
      },
      "end": {
        "line": 1,
        "column": 5
      }
    },
    "val": "html",
    "buffer": null,
    "mustEscape": null,
    "mode": null,
    "args": null,
    "key": null,
    "code": null,
    "value": null,
    "name": null
  },
  {
    "type": "indent",
    "loc": {
      "filename": "/mnt/c/Users/neilj/Workspace/pug_dart/test/lexer/cases/yield.pug",
      "start": {
        "line": 2,
        "column": 1
      },
      "end": {
        "line": 2,
        "column": 3
      }
    },
    "val": "2",
    "buffer": null,
    "mustEscape": null,
    "mode": null,
    "args": null,
    "key": null,
    "code": null,
    "value": null,
    "name": null
  },
  {
    "type": "tag",
    "loc": {
      "filename": "/mnt/c/Users/neilj/Workspace/pug_dart/test/lexer/cases/yield.pug",
      "start": {
        "line": 2,
        "column": 3
      },
      "end": {
        "line": 2,
        "column": 7
      }
    },
    "val": "body",
    "buffer": null,
    "mustEscape": null,
    "mode": null,
    "args": null,
    "key": null,
    "code": null,
    "value": null,
    "name": null
  },
  {
    "type": "indent",
    "loc": {
      "filename": "/mnt/c/Users/neilj/Workspace/pug_dart/test/lexer/cases/yield.pug",
      "start": {
        "line": 3,
        "column": 1
      },
      "end": {
        "line": 3,
        "column": 5
      }
    },
    "val": "4",
    "buffer": null,
    "mustEscape": null,
    "mode": null,
    "args": null,
    "key": null,
    "code": null,
    "value": null,
    "name": null
  },
  {
    "type": "include",
    "loc": {
      "filename": "/mnt/c/Users/neilj/Workspace/pug_dart/test/lexer/cases/yield.pug",
      "start": {
        "line": 3,
        "column": 5
      },
      "end": {
        "line": 3,
        "column": 12
      }
    },
    "val": null,
    "buffer": null,
    "mustEscape": null,
    "mode": null,
    "args": null,
    "key": null,
    "code": null,
    "value": null,
    "name": null
  },
  {
    "type": "path",
    "loc": {
      "filename": "/mnt/c/Users/neilj/Workspace/pug_dart/test/lexer/cases/yield.pug",
      "start": {
        "line": 3,
        "column": 13
      },
      "end": {
        "line": 3,
        "column": 27
      }
    },
    "val": "yield-head.pug",
    "buffer": null,
    "mustEscape": null,
    "mode": null,
    "args": null,
    "key": null,
    "code": null,
    "value": null,
    "name": null
  },
  {
    "type": "indent",
    "loc": {
      "filename": "/mnt/c/Users/neilj/Workspace/pug_dart/test/lexer/cases/yield.pug",
      "start": {
        "line": 4,
        "column": 1
      },
      "end": {
        "line": 4,
        "column": 7
      }
    },
    "val": "6",
    "buffer": null,
    "mustEscape": null,
    "mode": null,
    "args": null,
    "key": null,
    "code": null,
    "value": null,
    "name": null
  },
  {
    "type": "tag",
    "loc": {
      "filename": "/mnt/c/Users/neilj/Workspace/pug_dart/test/lexer/cases/yield.pug",
      "start": {
        "line": 4,
        "column": 7
      },
      "end": {
        "line": 4,
        "column": 13
      }
    },
    "val": "script",
    "buffer": null,
    "mustEscape": null,
    "mode": null,
    "args": null,
    "key": null,
    "code": null,
    "value": null,
    "name": null
  },
  {
    "type": "start-attributes",
    "loc": {
      "filename": "/mnt/c/Users/neilj/Workspace/pug_dart/test/lexer/cases/yield.pug",
      "start": {
        "line": 4,
        "column": 13
      },
      "end": {
        "line": 4,
        "column": 14
      }
    },
    "val": null,
    "buffer": null,
    "mustEscape": null,
    "mode": null,
    "args": null,
    "key": null,
    "code": null,
    "value": null,
    "name": null
  },
  {
    "type": "attribute",
    "loc": {
      "filename": "/mnt/c/Users/neilj/Workspace/pug_dart/test/lexer/cases/yield.pug",
      "start": {
        "line": 4,
        "column": 14
      },
      "end": {
        "line": 4,
        "column": 31
      }
    },
    "val": "'/caustic.js'",
    "buffer": null,
    "mustEscape": true,
    "mode": null,
    "args": null,
    "key": null,
    "code": null,
    "value": null,
    "name": "src"
  },
  {
    "type": "end-attributes",
    "loc": {
      "filename": "/mnt/c/Users/neilj/Workspace/pug_dart/test/lexer/cases/yield.pug",
      "start": {
        "line": 4,
        "column": 31
      },
      "end": {
        "line": 4,
        "column": 32
      }
    },
    "val": null,
    "buffer": null,
    "mustEscape": null,
    "mode": null,
    "args": null,
    "key": null,
    "code": null,
    "value": null,
    "name": null
  },
  {
    "type": "newline",
    "loc": {
      "filename": "/mnt/c/Users/neilj/Workspace/pug_dart/test/lexer/cases/yield.pug",
      "start": {
        "line": 5,
        "column": 1
      },
      "end": {
        "line": 5,
        "column": 7
      }
    },
    "val": null,
    "buffer": null,
    "mustEscape": null,
    "mode": null,
    "args": null,
    "key": null,
    "code": null,
    "value": null,
    "name": null
  },
  {
    "type": "tag",
    "loc": {
      "filename": "/mnt/c/Users/neilj/Workspace/pug_dart/test/lexer/cases/yield.pug",
      "start": {
        "line": 5,
        "column": 7
      },
      "end": {
        "line": 5,
        "column": 13
      }
    },
    "val": "script",
    "buffer": null,
    "mustEscape": null,
    "mode": null,
    "args": null,
    "key": null,
    "code": null,
    "value": null,
    "name": null
  },
  {
    "type": "start-attributes",
    "loc": {
      "filename": "/mnt/c/Users/neilj/Workspace/pug_dart/test/lexer/cases/yield.pug",
      "start": {
        "line": 5,
        "column": 13
      },
      "end": {
        "line": 5,
        "column": 14
      }
    },
    "val": null,
    "buffer": null,
    "mustEscape": null,
    "mode": null,
    "args": null,
    "key": null,
    "code": null,
    "value": null,
    "name": null
  },
  {
    "type": "attribute",
    "loc": {
      "filename": "/mnt/c/Users/neilj/Workspace/pug_dart/test/lexer/cases/yield.pug",
      "start": {
        "line": 5,
        "column": 14
      },
      "end": {
        "line": 5,
        "column": 27
      }
    },
    "val": "'/app.js'",
    "buffer": null,
    "mustEscape": true,
    "mode": null,
    "args": null,
    "key": null,
    "code": null,
    "value": null,
    "name": "src"
  },
  {
    "type": "end-attributes",
    "loc": {
      "filename": "/mnt/c/Users/neilj/Workspace/pug_dart/test/lexer/cases/yield.pug",
      "start": {
        "line": 5,
        "column": 27
      },
      "end": {
        "line": 5,
        "column": 28
      }
    },
    "val": null,
    "buffer": null,
    "mustEscape": null,
    "mode": null,
    "args": null,
    "key": null,
    "code": null,
    "value": null,
    "name": null
  },
  {
    "type": "outdent",
    "loc": {
      "filename": "/mnt/c/Users/neilj/Workspace/pug_dart/test/lexer/cases/yield.pug",
      "start": {
        "line": 6,
        "column": 1
      },
      "end": {
        "line": 6,
        "column": 1
      }
    },
    "val": null,
    "buffer": null,
    "mustEscape": null,
    "mode": null,
    "args": null,
    "key": null,
    "code": null,
    "value": null,
    "name": null
  },
  {
    "type": "outdent",
    "loc": {
      "filename": "/mnt/c/Users/neilj/Workspace/pug_dart/test/lexer/cases/yield.pug",
      "start": {
        "line": 6,
        "column": 1
      },
      "end": {
        "line": 6,
        "column": 1
      }
    },
    "val": null,
    "buffer": null,
    "mustEscape": null,
    "mode": null,
    "args": null,
    "key": null,
    "code": null,
    "value": null,
    "name": null
  },
  {
    "type": "outdent",
    "loc": {
      "filename": "/mnt/c/Users/neilj/Workspace/pug_dart/test/lexer/cases/yield.pug",
      "start": {
        "line": 6,
        "column": 1
      },
      "end": {
        "line": 6,
        "column": 1
      }
    },
    "val": null,
    "buffer": null,
    "mustEscape": null,
    "mode": null,
    "args": null,
    "key": null,
    "code": null,
    "value": null,
    "name": null
  },
  {
    "type": "outdent",
    "loc": {
      "filename": "/mnt/c/Users/neilj/Workspace/pug_dart/test/lexer/cases/yield.pug",
      "start": {
        "line": 6,
        "column": 1
      },
      "end": {
        "line": 6,
        "column": 1
      }
    },
    "val": null,
    "buffer": null,
    "mustEscape": null,
    "mode": null,
    "args": null,
    "key": null,
    "code": null,
    "value": null,
    "name": null
  },
  {
    "type": "eos",
    "loc": {
      "filename": "/mnt/c/Users/neilj/Workspace/pug_dart/test/lexer/cases/yield.pug",
      "start": {
        "line": 6,
        "column": 1
      },
      "end": {
        "line": 6,
        "column": 1
      }
    },
    "val": null,
    "buffer": null,
    "mustEscape": null,
    "mode": null,
    "args": null,
    "key": null,
    "code": null,
    "value": null,
    "name": null
  }
]